Archive member included because of file (symbol)

/Users/gerrie/Library/embedXcode/gcc-arm-none-eabi-4_8-2014q3/bin/../lib/gcc/arm-none-eabi/4.8.4/armv6-m/libgcc.a(_thumb1_case_uqi.o)
                              lib-Mini51/StdDriver/src/i2c.o (__gnu_thumb1_case_uqi)
/Users/gerrie/Library/embedXcode/gcc-arm-none-eabi-4_8-2014q3/bin/../lib/gcc/arm-none-eabi/4.8.4/armv6-m/libgcc.a(_udivsi3.o)
                              lib-Mini51/hal/lib_timers.o (__aeabi_uidiv)
/Users/gerrie/Library/embedXcode/gcc-arm-none-eabi-4_8-2014q3/bin/../lib/gcc/arm-none-eabi/4.8.4/armv6-m/libgcc.a(_divsi3.o)
                              src/symawii.o (__aeabi_idiv)
/Users/gerrie/Library/embedXcode/gcc-arm-none-eabi-4_8-2014q3/bin/../lib/gcc/arm-none-eabi/4.8.4/armv6-m/libgcc.a(_dvmd_tls.o)
                              /Users/gerrie/Library/embedXcode/gcc-arm-none-eabi-4_8-2014q3/bin/../lib/gcc/arm-none-eabi/4.8.4/armv6-m/libgcc.a(_udivsi3.o) (__aeabi_idiv0)
/Users/gerrie/Library/embedXcode/gcc-arm-none-eabi-4_8-2014q3/bin/../lib/gcc/arm-none-eabi/4.8.4/armv6-m/libgcc.a(_fixunssfsi.o)
                              lib-Mini51/StdDriver/src/timer.o (__aeabi_f2uiz)
/Users/gerrie/Library/embedXcode/gcc-arm-none-eabi-4_8-2014q3/bin/../lib/gcc/arm-none-eabi/4.8.4/armv6-m/libgcc.a(divsf3.o)
                              lib-Mini51/StdDriver/src/timer.o (__aeabi_fdiv)
/Users/gerrie/Library/embedXcode/gcc-arm-none-eabi-4_8-2014q3/bin/../lib/gcc/arm-none-eabi/4.8.4/armv6-m/libgcc.a(mulsf3.o)
                              lib-Mini51/StdDriver/src/timer.o (__aeabi_fmul)
/Users/gerrie/Library/embedXcode/gcc-arm-none-eabi-4_8-2014q3/bin/../lib/gcc/arm-none-eabi/4.8.4/armv6-m/libgcc.a(subsf3.o)
                              /Users/gerrie/Library/embedXcode/gcc-arm-none-eabi-4_8-2014q3/bin/../lib/gcc/arm-none-eabi/4.8.4/armv6-m/libgcc.a(_fixunssfsi.o) (__aeabi_fsub)
/Users/gerrie/Library/embedXcode/gcc-arm-none-eabi-4_8-2014q3/bin/../lib/gcc/arm-none-eabi/4.8.4/armv6-m/libgcc.a(fixsfsi.o)
                              /Users/gerrie/Library/embedXcode/gcc-arm-none-eabi-4_8-2014q3/bin/../lib/gcc/arm-none-eabi/4.8.4/armv6-m/libgcc.a(_fixunssfsi.o) (__aeabi_f2iz)
/Users/gerrie/Library/embedXcode/gcc-arm-none-eabi-4_8-2014q3/bin/../lib/gcc/arm-none-eabi/4.8.4/armv6-m/libgcc.a(floatunsisf.o)
                              lib-Mini51/StdDriver/src/timer.o (__aeabi_ui2f)
/Users/gerrie/Library/embedXcode/gcc-arm-none-eabi-4_8-2014q3/bin/../lib/gcc/arm-none-eabi/4.8.4/armv6-m/libgcc.a(_arm_cmpsf2.o)
                              /Users/gerrie/Library/embedXcode/gcc-arm-none-eabi-4_8-2014q3/bin/../lib/gcc/arm-none-eabi/4.8.4/armv6-m/libgcc.a(_fixunssfsi.o) (__aeabi_fcmpge)
/Users/gerrie/Library/embedXcode/gcc-arm-none-eabi-4_8-2014q3/bin/../lib/gcc/arm-none-eabi/4.8.4/armv6-m/libgcc.a(_clzsi2.o)
                              /Users/gerrie/Library/embedXcode/gcc-arm-none-eabi-4_8-2014q3/bin/../lib/gcc/arm-none-eabi/4.8.4/armv6-m/libgcc.a(divsf3.o) (__clzsi2)
/Users/gerrie/Library/embedXcode/gcc-arm-none-eabi-4_8-2014q3/bin/../lib/gcc/arm-none-eabi/4.8.4/armv6-m/libgcc.a(eqsf2.o)
                              /Users/gerrie/Library/embedXcode/gcc-arm-none-eabi-4_8-2014q3/bin/../lib/gcc/arm-none-eabi/4.8.4/armv6-m/libgcc.a(_arm_cmpsf2.o) (__eqsf2)
/Users/gerrie/Library/embedXcode/gcc-arm-none-eabi-4_8-2014q3/bin/../lib/gcc/arm-none-eabi/4.8.4/armv6-m/libgcc.a(gesf2.o)
                              /Users/gerrie/Library/embedXcode/gcc-arm-none-eabi-4_8-2014q3/bin/../lib/gcc/arm-none-eabi/4.8.4/armv6-m/libgcc.a(_arm_cmpsf2.o) (__gesf2)
/Users/gerrie/Library/embedXcode/gcc-arm-none-eabi-4_8-2014q3/bin/../lib/gcc/arm-none-eabi/4.8.4/armv6-m/libgcc.a(lesf2.o)
                              /Users/gerrie/Library/embedXcode/gcc-arm-none-eabi-4_8-2014q3/bin/../lib/gcc/arm-none-eabi/4.8.4/armv6-m/libgcc.a(_arm_cmpsf2.o) (__lesf2)
/Users/gerrie/Library/embedXcode/gcc-arm-none-eabi-4_8-2014q3/bin/../lib/gcc/arm-none-eabi/4.8.4/../../../../arm-none-eabi/lib/armv6-m/libg.a(lib_a-strlen.o)
                              src/serial.o (strlen)

Discarded input sections

 .text          0x0000000000000000        0x0 src/a7105.o
 .data          0x0000000000000000        0x0 src/a7105.o
 .bss           0x0000000000000000        0x0 src/a7105.o
 .text.A7105_WriteID
                0x0000000000000000       0x34 src/a7105.o
 .text.A7105_ReadID
                0x0000000000000000       0x26 src/a7105.o
 .text.A7105_WritePayload
                0x0000000000000000       0x34 src/a7105.o
 .text.A7105_ReadPayload
                0x0000000000000000       0x2e src/a7105.o
 .text.A7105_ReadRegister
                0x0000000000000000       0x22 src/a7105.o
 .text.A7105_WriteRegister
                0x0000000000000000       0x20 src/a7105.o
 .text.A7105_Reset
                0x0000000000000000        0xc src/a7105.o
 .text.A7105_Strobe
                0x0000000000000000       0x18 src/a7105.o
 .debug_info    0x0000000000000000      0x49f src/a7105.o
 .debug_abbrev  0x0000000000000000      0x10e src/a7105.o
 .debug_loc     0x0000000000000000      0x298 src/a7105.o
 .debug_aranges
                0x0000000000000000       0x58 src/a7105.o
 .debug_ranges  0x0000000000000000       0x48 src/a7105.o
 .debug_line    0x0000000000000000      0x1f6 src/a7105.o
 .debug_str     0x0000000000000000      0x2a3 src/a7105.o
 .comment       0x0000000000000000       0x71 src/a7105.o
 .ARM.attributes
                0x0000000000000000       0x31 src/a7105.o
 .debug_frame   0x0000000000000000       0xe0 src/a7105.o
 .text          0x0000000000000000        0x0 src/accelerometer.o
 .data          0x0000000000000000        0x0 src/accelerometer.o
 .bss           0x0000000000000000        0x0 src/accelerometer.o
 .text          0x0000000000000000        0x0 src/autotune.o
 .text          0x0000000000000000        0x0 src/symawii.o
 .data          0x0000000000000000        0x0 src/symawii.o
 .text          0x0000000000000000        0x0 src/checkboxes.o
 .data          0x0000000000000000        0x0 src/checkboxes.o
 .bss           0x0000000000000000        0x0 src/checkboxes.o
 .text          0x0000000000000000        0x0 src/eeprom.o
 .data          0x0000000000000000        0x0 src/eeprom.o
 .bss           0x0000000000000000        0x0 src/eeprom.o
 .text          0x0000000000000000        0x0 src/gyro.o
 .data          0x0000000000000000        0x0 src/gyro.o
 .bss           0x0000000000000000        0x0 src/gyro.o
 .text          0x0000000000000000        0x0 src/imu.o
 .data          0x0000000000000000        0xc src/imu.o
 .text          0x0000000000000000        0x0 src/leds.o
 .data          0x0000000000000000        0x0 src/leds.o
 .bss           0x0000000000000000        0x0 src/leds.o
 .text          0x0000000000000000        0x0 src/output.o
 .data          0x0000000000000000        0x0 src/output.o
 .bss           0x0000000000000000        0x0 src/output.o
 .text.setoutput
                0x0000000000000000        0xa src/output.o
 .text          0x0000000000000000        0x0 src/pilotcontrol.o
 .data          0x0000000000000000        0x0 src/pilotcontrol.o
 .text          0x0000000000000000        0x0 src/serial.o
 .data          0x0000000000000000        0x0 src/serial.o
 .text.serialprintnumber
                0x0000000000000000       0x74 src/serial.o
 .text.serialprintfixedpoint
                0x0000000000000000       0x2c src/serial.o
 .text.serialprintfixedpoint_no_linebreak
                0x0000000000000000       0x20 src/serial.o
 .rodata.str1.1
                0x0000000000000000        0x3 src/serial.o
 .text          0x0000000000000000        0x0 src/vectors.o
 .data          0x0000000000000000        0x0 src/vectors.o
 .bss           0x0000000000000000        0x0 src/vectors.o
 .text.vectordotproduct
                0x0000000000000000       0x26 src/vectors.o
 .text          0x0000000000000000        0x0 lib-Mini51/hal/drv_gpio.o
 .data          0x0000000000000000        0x0 lib-Mini51/hal/drv_gpio.o
 .bss           0x0000000000000000        0x0 lib-Mini51/hal/drv_gpio.o
 .debug_info    0x0000000000000000       0x87 lib-Mini51/hal/drv_gpio.o
 .debug_abbrev  0x0000000000000000       0x26 lib-Mini51/hal/drv_gpio.o
 .debug_aranges
                0x0000000000000000       0x18 lib-Mini51/hal/drv_gpio.o
 .debug_line    0x0000000000000000       0x1d lib-Mini51/hal/drv_gpio.o
 .debug_str     0x0000000000000000      0x195 lib-Mini51/hal/drv_gpio.o
 .comment       0x0000000000000000       0x71 lib-Mini51/hal/drv_gpio.o
 .ARM.attributes
                0x0000000000000000       0x31 lib-Mini51/hal/drv_gpio.o
 .text          0x0000000000000000        0x0 lib-Mini51/hal/drv_hal.o
 .text          0x0000000000000000        0x0 lib-Mini51/hal/drv_pwm.o
 .data          0x0000000000000000        0x0 lib-Mini51/hal/drv_pwm.o
 .bss           0x0000000000000000        0x0 lib-Mini51/hal/drv_pwm.o
 .text          0x0000000000000000        0x0 lib-Mini51/hal/drv_serial.o
 .data          0x0000000000000000        0x0 lib-Mini51/hal/drv_serial.o
 .text.UART_IRQHandler
                0x0000000000000000       0x7c lib-Mini51/hal/drv_serial.o
 .text          0x0000000000000000        0x0 lib-Mini51/hal/lib_adc.o
 .data          0x0000000000000000        0x0 lib-Mini51/hal/lib_adc.o
 .bss           0x0000000000000000        0x0 lib-Mini51/hal/lib_adc.o
 .text          0x0000000000000000        0x0 lib-Mini51/hal/lib_digitalio.o
 .data          0x0000000000000000        0x0 lib-Mini51/hal/lib_digitalio.o
 .bss           0x0000000000000000        0x0 lib-Mini51/hal/lib_digitalio.o
 .text.lib_digitalio_getinput
                0x0000000000000000       0x1c lib-Mini51/hal/lib_digitalio.o
 .text.lib_digitalio_setinterruptcallback
                0x0000000000000000        0x2 lib-Mini51/hal/lib_digitalio.o
 .text          0x0000000000000000        0x0 lib-Mini51/hal/lib_fp.o
 .data          0x0000000000000000        0x0 lib-Mini51/hal/lib_fp.o
 .bss           0x0000000000000000        0x0 lib-Mini51/hal/lib_fp.o
 .text.lib_fp_stringtolong
                0x0000000000000000       0x30 lib-Mini51/hal/lib_fp.o
 .text.lib_fp_stringtofixedpointnum
                0x0000000000000000       0x68 lib-Mini51/hal/lib_fp.o
 .text.lib_fp_sqrt
                0x0000000000000000       0x12 lib-Mini51/hal/lib_fp.o
 .text          0x0000000000000000        0x0 lib-Mini51/hal/lib_i2c.o
 .data          0x0000000000000000        0x0 lib-Mini51/hal/lib_i2c.o
 .text.lib_i2c_readreg
                0x0000000000000000       0x2a lib-Mini51/hal/lib_i2c.o
 .text          0x0000000000000000        0x0 lib-Mini51/hal/lib_serial.o
 .data          0x0000000000000000        0x0 lib-Mini51/hal/lib_serial.o
 .bss           0x0000000000000000        0x0 lib-Mini51/hal/lib_serial.o
 .text.lib_serial_sendstring
                0x0000000000000000       0x26 lib-Mini51/hal/lib_serial.o
 .text.lib_serial_senddata
                0x0000000000000000       0x20 lib-Mini51/hal/lib_serial.o
 .text          0x0000000000000000        0x0 lib-Mini51/hal/lib_soft_3_wire_spi.o
 .data          0x0000000000000000        0x0 lib-Mini51/hal/lib_soft_3_wire_spi.o
 .bss           0x0000000000000000        0x3 lib-Mini51/hal/lib_soft_3_wire_spi.o
 .text.lib_soft_3_wire_spi_setCS
                0x0000000000000000       0x14 lib-Mini51/hal/lib_soft_3_wire_spi.o
 .text.lib_soft_3_wire_spi_setSCK
                0x0000000000000000       0x14 lib-Mini51/hal/lib_soft_3_wire_spi.o
 .text.lib_soft_3_wire_spi_setSDIO
                0x0000000000000000       0x14 lib-Mini51/hal/lib_soft_3_wire_spi.o
 .text.lib_soft_3_wire_spi_init
                0x0000000000000000       0x38 lib-Mini51/hal/lib_soft_3_wire_spi.o
 .text.lib_soft_3_wire_spi_write
                0x0000000000000000       0x42 lib-Mini51/hal/lib_soft_3_wire_spi.o
 .text.lib_soft_3_wire_spi_read
                0x0000000000000000       0x48 lib-Mini51/hal/lib_soft_3_wire_spi.o
 .debug_info    0x0000000000000000      0x36d lib-Mini51/hal/lib_soft_3_wire_spi.o
 .debug_abbrev  0x0000000000000000      0x105 lib-Mini51/hal/lib_soft_3_wire_spi.o
 .debug_loc     0x0000000000000000      0x1ae lib-Mini51/hal/lib_soft_3_wire_spi.o
 .debug_aranges
                0x0000000000000000       0x48 lib-Mini51/hal/lib_soft_3_wire_spi.o
 .debug_ranges  0x0000000000000000       0x38 lib-Mini51/hal/lib_soft_3_wire_spi.o
 .debug_line    0x0000000000000000      0x1c2 lib-Mini51/hal/lib_soft_3_wire_spi.o
 .debug_str     0x0000000000000000      0x2ff lib-Mini51/hal/lib_soft_3_wire_spi.o
 .comment       0x0000000000000000       0x71 lib-Mini51/hal/lib_soft_3_wire_spi.o
 .ARM.attributes
                0x0000000000000000       0x31 lib-Mini51/hal/lib_soft_3_wire_spi.o
 .debug_frame   0x0000000000000000       0xa8 lib-Mini51/hal/lib_soft_3_wire_spi.o
 .text          0x0000000000000000        0x0 lib-Mini51/hal/lib_timers.o
 .data          0x0000000000000000        0x0 lib-Mini51/hal/lib_timers.o
 .text          0x0000000000000000        0x0 lib-Mini51/StdDriver/src/adc.o
 .data          0x0000000000000000        0x0 lib-Mini51/StdDriver/src/adc.o
 .bss           0x0000000000000000        0x0 lib-Mini51/StdDriver/src/adc.o
 .text.ADC_Open
                0x0000000000000000       0x18 lib-Mini51/StdDriver/src/adc.o
 .text.ADC_Close
                0x0000000000000000       0x1c lib-Mini51/StdDriver/src/adc.o
 .text.ADC_EnableHWTrigger
                0x0000000000000000       0x3c lib-Mini51/StdDriver/src/adc.o
 .text.ADC_DisableHWTrigger
                0x0000000000000000       0x14 lib-Mini51/StdDriver/src/adc.o
 .text.ADC_SetExtraSampleTime
                0x0000000000000000       0x14 lib-Mini51/StdDriver/src/adc.o
 .text.ADC_EnableInt
                0x0000000000000000       0x30 lib-Mini51/StdDriver/src/adc.o
 .text.ADC_DisableInt
                0x0000000000000000       0x30 lib-Mini51/StdDriver/src/adc.o
 .debug_info    0x0000000000000000      0x3f8 lib-Mini51/StdDriver/src/adc.o
 .debug_abbrev  0x0000000000000000      0x113 lib-Mini51/StdDriver/src/adc.o
 .debug_loc     0x0000000000000000      0x200 lib-Mini51/StdDriver/src/adc.o
 .debug_aranges
                0x0000000000000000       0x50 lib-Mini51/StdDriver/src/adc.o
 .debug_ranges  0x0000000000000000       0x40 lib-Mini51/StdDriver/src/adc.o
 .debug_line    0x0000000000000000      0x1e4 lib-Mini51/StdDriver/src/adc.o
 .debug_str     0x0000000000000000      0x32c lib-Mini51/StdDriver/src/adc.o
 .comment       0x0000000000000000       0x71 lib-Mini51/StdDriver/src/adc.o
 .ARM.attributes
                0x0000000000000000       0x31 lib-Mini51/StdDriver/src/adc.o
 .debug_frame   0x0000000000000000       0x8c lib-Mini51/StdDriver/src/adc.o
 .text          0x0000000000000000        0x0 lib-Mini51/StdDriver/src/clk.o
 .data          0x0000000000000000        0x0 lib-Mini51/StdDriver/src/clk.o
 .bss           0x0000000000000000        0x0 lib-Mini51/StdDriver/src/clk.o
 .text.CLK_DisableCKO
                0x0000000000000000       0x10 lib-Mini51/StdDriver/src/clk.o
 .text.CLK_EnableCKO
                0x0000000000000000       0x24 lib-Mini51/StdDriver/src/clk.o
 .text.CLK_PowerDown
                0x0000000000000000       0x1c lib-Mini51/StdDriver/src/clk.o
 .text.CLK_Idle
                0x0000000000000000       0x14 lib-Mini51/StdDriver/src/clk.o
 .text.CLK_GetHXTFreq
                0x0000000000000000       0x18 lib-Mini51/StdDriver/src/clk.o
 .text.CLK_GetLXTFreq
                0x0000000000000000       0x14 lib-Mini51/StdDriver/src/clk.o
 .text.CLK_GetHCLKFreq
                0x0000000000000000       0x10 lib-Mini51/StdDriver/src/clk.o
 .text.CLK_GetCPUFreq
                0x0000000000000000       0x10 lib-Mini51/StdDriver/src/clk.o
 .text.CLK_SetHCLK
                0x0000000000000000       0x20 lib-Mini51/StdDriver/src/clk.o
 .text.CLK_SetModuleClock
                0x0000000000000000       0x50 lib-Mini51/StdDriver/src/clk.o
 .text.CLK_SetSysTickClockSrc
                0x0000000000000000       0x14 lib-Mini51/StdDriver/src/clk.o
 .text.CLK_EnableXtalRC
                0x0000000000000000       0x10 lib-Mini51/StdDriver/src/clk.o
 .text.CLK_DisableXtalRC
                0x0000000000000000       0x10 lib-Mini51/StdDriver/src/clk.o
 .text.CLK_DisableModuleClock
                0x0000000000000000       0x1c lib-Mini51/StdDriver/src/clk.o
 .text.CLK_SysTickDelay
                0x0000000000000000       0x24 lib-Mini51/StdDriver/src/clk.o
 .text          0x0000000000000000        0x0 lib-Mini51/StdDriver/src/fmc.o
 .data          0x0000000000000000        0x0 lib-Mini51/StdDriver/src/fmc.o
 .bss           0x0000000000000000        0x0 lib-Mini51/StdDriver/src/fmc.o
 .text.FMC_SetBootSource
                0x0000000000000000       0x1c lib-Mini51/StdDriver/src/fmc.o
 .text.FMC_DisableAPUpdate
                0x0000000000000000       0x10 lib-Mini51/StdDriver/src/fmc.o
 .text.FMC_DisableLDUpdate
                0x0000000000000000       0x10 lib-Mini51/StdDriver/src/fmc.o
 .text.FMC_EnableAPUpdate
                0x0000000000000000       0x10 lib-Mini51/StdDriver/src/fmc.o
 .text.FMC_EnableLDUpdate
                0x0000000000000000       0x10 lib-Mini51/StdDriver/src/fmc.o
 .text.FMC_GetBootSource
                0x0000000000000000       0x10 lib-Mini51/StdDriver/src/fmc.o
 .text.FMC_ReadCID
                0x0000000000000000       0x20 lib-Mini51/StdDriver/src/fmc.o
 .text.FMC_ReadDID
                0x0000000000000000       0x20 lib-Mini51/StdDriver/src/fmc.o
 .text.FMC_ReadPID
                0x0000000000000000       0x20 lib-Mini51/StdDriver/src/fmc.o
 .text.FMC_ReadUCID
                0x0000000000000000       0x20 lib-Mini51/StdDriver/src/fmc.o
 .text.FMC_ReadUID
                0x0000000000000000       0x20 lib-Mini51/StdDriver/src/fmc.o
 .text.FMC_ReadDataFlashBaseAddr
                0x0000000000000000        0xc lib-Mini51/StdDriver/src/fmc.o
 .text.FMC_SetVectorPageAddr
                0x0000000000000000       0x18 lib-Mini51/StdDriver/src/fmc.o
 .text          0x0000000000000000        0x0 lib-Mini51/StdDriver/src/gpio.o
 .data          0x0000000000000000        0x0 lib-Mini51/StdDriver/src/gpio.o
 .bss           0x0000000000000000        0x0 lib-Mini51/StdDriver/src/gpio.o
 .text.GPIO_EnableInt
                0x0000000000000000       0x1c lib-Mini51/StdDriver/src/gpio.o
 .text.GPIO_DisableInt
                0x0000000000000000       0x1c lib-Mini51/StdDriver/src/gpio.o
 .text          0x0000000000000000        0x0 lib-Mini51/StdDriver/src/i2c.o
 .data          0x0000000000000000        0x0 lib-Mini51/StdDriver/src/i2c.o
 .bss           0x0000000000000000        0x0 lib-Mini51/StdDriver/src/i2c.o
 .text.I2C_Open
                0x0000000000000000       0x48 lib-Mini51/StdDriver/src/i2c.o
 .text.I2C_Close
                0x0000000000000000       0x24 lib-Mini51/StdDriver/src/i2c.o
 .text.I2C_ClearTimeoutFlag
                0x0000000000000000        0xa lib-Mini51/StdDriver/src/i2c.o
 .text.I2C_Trigger
                0x0000000000000000       0x30 lib-Mini51/StdDriver/src/i2c.o
 .text.I2C_DisableInt
                0x0000000000000000        0xa lib-Mini51/StdDriver/src/i2c.o
 .text.I2C_EnableInt
                0x0000000000000000        0xa lib-Mini51/StdDriver/src/i2c.o
 .text.I2C_GetClockBusFreq
                0x0000000000000000       0x1c lib-Mini51/StdDriver/src/i2c.o
 .text.I2C_SetClockBusFreq
                0x0000000000000000       0x30 lib-Mini51/StdDriver/src/i2c.o
 .text.I2C_GetIntFlag
                0x0000000000000000        0x8 lib-Mini51/StdDriver/src/i2c.o
 .text.I2C_GetStatus
                0x0000000000000000        0x4 lib-Mini51/StdDriver/src/i2c.o
 .text.I2C_GetData
                0x0000000000000000        0x4 lib-Mini51/StdDriver/src/i2c.o
 .text.I2C_SetData
                0x0000000000000000        0x4 lib-Mini51/StdDriver/src/i2c.o
 .text.I2C_SetSlaveAddr
                0x0000000000000000       0x28 lib-Mini51/StdDriver/src/i2c.o
 .text.I2C_SetSlaveMask
                0x0000000000000000       0x22 lib-Mini51/StdDriver/src/i2c.o
 .text.I2C_EnableTimeout
                0x0000000000000000       0x1c lib-Mini51/StdDriver/src/i2c.o
 .text.I2C_DisableTimeout
                0x0000000000000000        0xa lib-Mini51/StdDriver/src/i2c.o
 .text.I2C_EnableWakeup
                0x0000000000000000        0xa lib-Mini51/StdDriver/src/i2c.o
 .text.I2C_DisableWakeup
                0x0000000000000000        0xa lib-Mini51/StdDriver/src/i2c.o
 .debug_info    0x0000000000000000      0x728 lib-Mini51/StdDriver/src/i2c.o
 .debug_abbrev  0x0000000000000000      0x18b lib-Mini51/StdDriver/src/i2c.o
 .debug_loc     0x0000000000000000      0x2e6 lib-Mini51/StdDriver/src/i2c.o
 .debug_aranges
                0x0000000000000000       0xa8 lib-Mini51/StdDriver/src/i2c.o
 .debug_ranges  0x0000000000000000       0x98 lib-Mini51/StdDriver/src/i2c.o
 .debug_line    0x0000000000000000      0x2e7 lib-Mini51/StdDriver/src/i2c.o
 .debug_str     0x0000000000000000      0x4c0 lib-Mini51/StdDriver/src/i2c.o
 .comment       0x0000000000000000       0x71 lib-Mini51/StdDriver/src/i2c.o
 .ARM.attributes
                0x0000000000000000       0x31 lib-Mini51/StdDriver/src/i2c.o
 .debug_frame   0x0000000000000000      0x16c lib-Mini51/StdDriver/src/i2c.o
 .text          0x0000000000000000        0x0 lib-Mini51/StdDriver/src/pwm.o
 .data          0x0000000000000000        0x0 lib-Mini51/StdDriver/src/pwm.o
 .bss           0x0000000000000000        0x0 lib-Mini51/StdDriver/src/pwm.o
 .text.PWM_ConfigOutputChannel
                0x0000000000000000       0xf8 lib-Mini51/StdDriver/src/pwm.o
 .text.PWM_Stop
                0x0000000000000000       0x20 lib-Mini51/StdDriver/src/pwm.o
 .text.PWM_ForceStop
                0x0000000000000000       0x2c lib-Mini51/StdDriver/src/pwm.o
 .text.PWM_EnableADCTrigger
                0x0000000000000000       0x3c lib-Mini51/StdDriver/src/pwm.o
 .text.PWM_DisableADCTrigger
                0x0000000000000000       0x30 lib-Mini51/StdDriver/src/pwm.o
 .text.PWM_ClearADCTriggerFlag
                0x0000000000000000       0x2c lib-Mini51/StdDriver/src/pwm.o
 .text.PWM_GetADCTriggerFlag
                0x0000000000000000       0x24 lib-Mini51/StdDriver/src/pwm.o
 .text.PWM_EnableFaultBreak
                0x0000000000000000       0x10 lib-Mini51/StdDriver/src/pwm.o
 .text.PWM_ClearFaultBreakFlag
                0x0000000000000000        0xc lib-Mini51/StdDriver/src/pwm.o
 .text.PWM_DisableOutput
                0x0000000000000000       0x10 lib-Mini51/StdDriver/src/pwm.o
 .text.PWM_EnableDeadZone
                0x0000000000000000       0x2c lib-Mini51/StdDriver/src/pwm.o
 .text.PWM_DisableDeadZone
                0x0000000000000000       0x18 lib-Mini51/StdDriver/src/pwm.o
 .text.PWM_EnableDutyInt
                0x0000000000000000       0x18 lib-Mini51/StdDriver/src/pwm.o
 .text.PWM_DisableDutyInt
                0x0000000000000000       0x14 lib-Mini51/StdDriver/src/pwm.o
 .text.PWM_ClearDutyIntFlag
                0x0000000000000000       0x14 lib-Mini51/StdDriver/src/pwm.o
 .text.PWM_GetDutyIntFlag
                0x0000000000000000       0x18 lib-Mini51/StdDriver/src/pwm.o
 .text.PWM_EnableFaultBreakInt
                0x0000000000000000       0x14 lib-Mini51/StdDriver/src/pwm.o
 .text.PWM_DisableFaultBreakInt
                0x0000000000000000       0x14 lib-Mini51/StdDriver/src/pwm.o
 .text.PWM_ClearFaultBreakIntFlag
                0x0000000000000000        0xc lib-Mini51/StdDriver/src/pwm.o
 .text.PWM_GetFaultBreakIntFlag
                0x0000000000000000       0x10 lib-Mini51/StdDriver/src/pwm.o
 .text.PWM_EnablePeriodInt
                0x0000000000000000       0x20 lib-Mini51/StdDriver/src/pwm.o
 .text.PWM_DisablePeriodInt
                0x0000000000000000       0x14 lib-Mini51/StdDriver/src/pwm.o
 .text.PWM_ClearPeriodIntFlag
                0x0000000000000000       0x14 lib-Mini51/StdDriver/src/pwm.o
 .text.PWM_GetPeriodIntFlag
                0x0000000000000000       0x10 lib-Mini51/StdDriver/src/pwm.o
 .text          0x0000000000000000        0x0 lib-Mini51/StdDriver/src/sys.o
 .data          0x0000000000000000        0x0 lib-Mini51/StdDriver/src/sys.o
 .bss           0x0000000000000000        0x0 lib-Mini51/StdDriver/src/sys.o
 .text.SYS_ClearResetSrc
                0x0000000000000000        0xc lib-Mini51/StdDriver/src/sys.o
 .text.SYS_GetBODStatus
                0x0000000000000000        0xc lib-Mini51/StdDriver/src/sys.o
 .text.SYS_GetResetSrc
                0x0000000000000000        0x8 lib-Mini51/StdDriver/src/sys.o
 .text.SYS_IsRegLocked
                0x0000000000000000       0x10 lib-Mini51/StdDriver/src/sys.o
 .text.SYS_ReadPDID
                0x0000000000000000        0x8 lib-Mini51/StdDriver/src/sys.o
 .text.SYS_ResetChip
                0x0000000000000000        0xe lib-Mini51/StdDriver/src/sys.o
 .text.SYS_ResetCPU
                0x0000000000000000        0xe lib-Mini51/StdDriver/src/sys.o
 .text.SYS_ResetModule
                0x0000000000000000       0x24 lib-Mini51/StdDriver/src/sys.o
 .text.SYS_EnableBOD
                0x0000000000000000       0x24 lib-Mini51/StdDriver/src/sys.o
 .text.SYS_DisableBOD
                0x0000000000000000       0x16 lib-Mini51/StdDriver/src/sys.o
 .text          0x0000000000000000        0x0 lib-Mini51/StdDriver/src/timer.o
 .data          0x0000000000000000        0x0 lib-Mini51/StdDriver/src/timer.o
 .bss           0x0000000000000000        0x0 lib-Mini51/StdDriver/src/timer.o
 .text.TIMER_Close
                0x0000000000000000        0x8 lib-Mini51/StdDriver/src/timer.o
 .text.TIMER_EnableCapture
                0x0000000000000000       0x18 lib-Mini51/StdDriver/src/timer.o
 .text.TIMER_DisableCapture
                0x0000000000000000        0xa lib-Mini51/StdDriver/src/timer.o
 .text.TIMER_EnableEventCounter
                0x0000000000000000       0x16 lib-Mini51/StdDriver/src/timer.o
 .text.TIMER_DisableEventCounter
                0x0000000000000000       0x10 lib-Mini51/StdDriver/src/timer.o
 .text.TIMER_GetModuleClock
                0x0000000000000000       0x58 lib-Mini51/StdDriver/src/timer.o
 .text.TIMER_Open
                0x0000000000000000       0x44 lib-Mini51/StdDriver/src/timer.o
 .text.TIMER_Delay
                0x0000000000000000       0x9c lib-Mini51/StdDriver/src/timer.o
 .debug_info    0x0000000000000000      0x41b lib-Mini51/StdDriver/src/timer.o
 .debug_abbrev  0x0000000000000000      0x1ac lib-Mini51/StdDriver/src/timer.o
 .debug_loc     0x0000000000000000      0x356 lib-Mini51/StdDriver/src/timer.o
 .debug_aranges
                0x0000000000000000       0x58 lib-Mini51/StdDriver/src/timer.o
 .debug_ranges  0x0000000000000000       0x48 lib-Mini51/StdDriver/src/timer.o
 .debug_line    0x0000000000000000      0x276 lib-Mini51/StdDriver/src/timer.o
 .debug_str     0x0000000000000000      0x321 lib-Mini51/StdDriver/src/timer.o
 .comment       0x0000000000000000       0x71 lib-Mini51/StdDriver/src/timer.o
 .ARM.attributes
                0x0000000000000000       0x31 lib-Mini51/StdDriver/src/timer.o
 .debug_frame   0x0000000000000000       0xc0 lib-Mini51/StdDriver/src/timer.o
 .text          0x0000000000000000        0x0 lib-Mini51/StdDriver/src/wdt.o
 .data          0x0000000000000000        0x0 lib-Mini51/StdDriver/src/wdt.o
 .bss           0x0000000000000000        0x0 lib-Mini51/StdDriver/src/wdt.o
 .text.WDT_Open
                0x0000000000000000       0x18 lib-Mini51/StdDriver/src/wdt.o
 .text.WDT_Close
                0x0000000000000000        0xc lib-Mini51/StdDriver/src/wdt.o
 .text.WDT_EnableInt
                0x0000000000000000       0x14 lib-Mini51/StdDriver/src/wdt.o
 .text.WDT_DisableInt
                0x0000000000000000       0x10 lib-Mini51/StdDriver/src/wdt.o
 .debug_info    0x0000000000000000      0x136 lib-Mini51/StdDriver/src/wdt.o
 .debug_abbrev  0x0000000000000000       0xa8 lib-Mini51/StdDriver/src/wdt.o
 .debug_loc     0x0000000000000000       0x84 lib-Mini51/StdDriver/src/wdt.o
 .debug_aranges
                0x0000000000000000       0x38 lib-Mini51/StdDriver/src/wdt.o
 .debug_ranges  0x0000000000000000       0x28 lib-Mini51/StdDriver/src/wdt.o
 .debug_line    0x0000000000000000      0x19f lib-Mini51/StdDriver/src/wdt.o
 .debug_str     0x0000000000000000      0x20b lib-Mini51/StdDriver/src/wdt.o
 .comment       0x0000000000000000       0x71 lib-Mini51/StdDriver/src/wdt.o
 .ARM.attributes
                0x0000000000000000       0x31 lib-Mini51/StdDriver/src/wdt.o
 .debug_frame   0x0000000000000000       0x50 lib-Mini51/StdDriver/src/wdt.o
 .text          0x0000000000000000        0x0 lib-Mini51/StdDriver/src/uart.o
 .data          0x0000000000000000        0x0 lib-Mini51/StdDriver/src/uart.o
 .bss           0x0000000000000000        0x0 lib-Mini51/StdDriver/src/uart.o
 .text.UART_ClearIntFlag
                0x0000000000000000       0x40 lib-Mini51/StdDriver/src/uart.o
 .text.UART_Close
                0x0000000000000000       0x14 lib-Mini51/StdDriver/src/uart.o
 .text.UART_DisableFlowCtrl
                0x0000000000000000       0x10 lib-Mini51/StdDriver/src/uart.o
 .text.UART_DisableInt
                0x0000000000000000       0x20 lib-Mini51/StdDriver/src/uart.o
 .text.UART_EnableFlowCtrl
                0x0000000000000000       0x28 lib-Mini51/StdDriver/src/uart.o
 .text.UART_ReadBytes
                0x0000000000000000       0x28 lib-Mini51/StdDriver/src/uart.o
 .text.UART_SetLine_Config
                0x0000000000000000       0x70 lib-Mini51/StdDriver/src/uart.o
 .text.UART_SetTimeoutCnt
                0x0000000000000000       0x16 lib-Mini51/StdDriver/src/uart.o
 .text.UART_SelectIrDAMode
                0x0000000000000000       0x2a lib-Mini51/StdDriver/src/uart.o
 .text.UART_SelectRS485Mode
                0x0000000000000000       0x14 lib-Mini51/StdDriver/src/uart.o
 .text.UART_WriteBytes
                0x0000000000000000       0x28 lib-Mini51/StdDriver/src/uart.o
 .text          0x0000000000000000        0x0 lib-Mini51/Device/Nuvoton/Mini51Series/Source/system_Mini51Series.o
 .bss           0x0000000000000000        0x0 lib-Mini51/Device/Nuvoton/Mini51Series/Source/system_Mini51Series.o
 .text          0x0000000000000000        0x0 lib-Mini51/startup_Mini51Series.o
 .data          0x0000000000000000        0x0 lib-Mini51/startup_Mini51Series.o
 .bss           0x0000000000000000        0x0 lib-Mini51/startup_Mini51Series.o
 .text          0x0000000000000000       0x14 /Users/gerrie/Library/embedXcode/gcc-arm-none-eabi-4_8-2014q3/bin/../lib/gcc/arm-none-eabi/4.8.4/armv6-m/libgcc.a(_thumb1_case_uqi.o)
 .data          0x0000000000000000        0x0 /Users/gerrie/Library/embedXcode/gcc-arm-none-eabi-4_8-2014q3/bin/../lib/gcc/arm-none-eabi/4.8.4/armv6-m/libgcc.a(_thumb1_case_uqi.o)
 .bss           0x0000000000000000        0x0 /Users/gerrie/Library/embedXcode/gcc-arm-none-eabi-4_8-2014q3/bin/../lib/gcc/arm-none-eabi/4.8.4/armv6-m/libgcc.a(_thumb1_case_uqi.o)
 .ARM.attributes
                0x0000000000000000       0x1e /Users/gerrie/Library/embedXcode/gcc-arm-none-eabi-4_8-2014q3/bin/../lib/gcc/arm-none-eabi/4.8.4/armv6-m/libgcc.a(_thumb1_case_uqi.o)
 .data          0x0000000000000000        0x0 /Users/gerrie/Library/embedXcode/gcc-arm-none-eabi-4_8-2014q3/bin/../lib/gcc/arm-none-eabi/4.8.4/armv6-m/libgcc.a(_udivsi3.o)
 .bss           0x0000000000000000        0x0 /Users/gerrie/Library/embedXcode/gcc-arm-none-eabi-4_8-2014q3/bin/../lib/gcc/arm-none-eabi/4.8.4/armv6-m/libgcc.a(_udivsi3.o)
 .data          0x0000000000000000        0x0 /Users/gerrie/Library/embedXcode/gcc-arm-none-eabi-4_8-2014q3/bin/../lib/gcc/arm-none-eabi/4.8.4/armv6-m/libgcc.a(_divsi3.o)
 .bss           0x0000000000000000        0x0 /Users/gerrie/Library/embedXcode/gcc-arm-none-eabi-4_8-2014q3/bin/../lib/gcc/arm-none-eabi/4.8.4/armv6-m/libgcc.a(_divsi3.o)
 .data          0x0000000000000000        0x0 /Users/gerrie/Library/embedXcode/gcc-arm-none-eabi-4_8-2014q3/bin/../lib/gcc/arm-none-eabi/4.8.4/armv6-m/libgcc.a(_dvmd_tls.o)
 .bss           0x0000000000000000        0x0 /Users/gerrie/Library/embedXcode/gcc-arm-none-eabi-4_8-2014q3/bin/../lib/gcc/arm-none-eabi/4.8.4/armv6-m/libgcc.a(_dvmd_tls.o)
 .text          0x0000000000000000       0x30 /Users/gerrie/Library/embedXcode/gcc-arm-none-eabi-4_8-2014q3/bin/../lib/gcc/arm-none-eabi/4.8.4/armv6-m/libgcc.a(_fixunssfsi.o)
 .data          0x0000000000000000        0x0 /Users/gerrie/Library/embedXcode/gcc-arm-none-eabi-4_8-2014q3/bin/../lib/gcc/arm-none-eabi/4.8.4/armv6-m/libgcc.a(_fixunssfsi.o)
 .bss           0x0000000000000000        0x0 /Users/gerrie/Library/embedXcode/gcc-arm-none-eabi-4_8-2014q3/bin/../lib/gcc/arm-none-eabi/4.8.4/armv6-m/libgcc.a(_fixunssfsi.o)
 .ARM.attributes
                0x0000000000000000       0x2c /Users/gerrie/Library/embedXcode/gcc-arm-none-eabi-4_8-2014q3/bin/../lib/gcc/arm-none-eabi/4.8.4/armv6-m/libgcc.a(_fixunssfsi.o)
 .debug_frame   0x0000000000000000       0x28 /Users/gerrie/Library/embedXcode/gcc-arm-none-eabi-4_8-2014q3/bin/../lib/gcc/arm-none-eabi/4.8.4/armv6-m/libgcc.a(_fixunssfsi.o)
 .text          0x0000000000000000      0x24c /Users/gerrie/Library/embedXcode/gcc-arm-none-eabi-4_8-2014q3/bin/../lib/gcc/arm-none-eabi/4.8.4/armv6-m/libgcc.a(divsf3.o)
 .data          0x0000000000000000        0x0 /Users/gerrie/Library/embedXcode/gcc-arm-none-eabi-4_8-2014q3/bin/../lib/gcc/arm-none-eabi/4.8.4/armv6-m/libgcc.a(divsf3.o)
 .bss           0x0000000000000000        0x0 /Users/gerrie/Library/embedXcode/gcc-arm-none-eabi-4_8-2014q3/bin/../lib/gcc/arm-none-eabi/4.8.4/armv6-m/libgcc.a(divsf3.o)
 .rodata        0x0000000000000000       0x40 /Users/gerrie/Library/embedXcode/gcc-arm-none-eabi-4_8-2014q3/bin/../lib/gcc/arm-none-eabi/4.8.4/armv6-m/libgcc.a(divsf3.o)
 .ARM.attributes
                0x0000000000000000       0x2c /Users/gerrie/Library/embedXcode/gcc-arm-none-eabi-4_8-2014q3/bin/../lib/gcc/arm-none-eabi/4.8.4/armv6-m/libgcc.a(divsf3.o)
 .debug_frame   0x0000000000000000       0x3c /Users/gerrie/Library/embedXcode/gcc-arm-none-eabi-4_8-2014q3/bin/../lib/gcc/arm-none-eabi/4.8.4/armv6-m/libgcc.a(divsf3.o)
 .text          0x0000000000000000      0x254 /Users/gerrie/Library/embedXcode/gcc-arm-none-eabi-4_8-2014q3/bin/../lib/gcc/arm-none-eabi/4.8.4/armv6-m/libgcc.a(mulsf3.o)
 .data          0x0000000000000000        0x0 /Users/gerrie/Library/embedXcode/gcc-arm-none-eabi-4_8-2014q3/bin/../lib/gcc/arm-none-eabi/4.8.4/armv6-m/libgcc.a(mulsf3.o)
 .bss           0x0000000000000000        0x0 /Users/gerrie/Library/embedXcode/gcc-arm-none-eabi-4_8-2014q3/bin/../lib/gcc/arm-none-eabi/4.8.4/armv6-m/libgcc.a(mulsf3.o)
 .rodata        0x0000000000000000       0x40 /Users/gerrie/Library/embedXcode/gcc-arm-none-eabi-4_8-2014q3/bin/../lib/gcc/arm-none-eabi/4.8.4/armv6-m/libgcc.a(mulsf3.o)
 .ARM.attributes
                0x0000000000000000       0x2c /Users/gerrie/Library/embedXcode/gcc-arm-none-eabi-4_8-2014q3/bin/../lib/gcc/arm-none-eabi/4.8.4/armv6-m/libgcc.a(mulsf3.o)
 .debug_frame   0x0000000000000000       0x3c /Users/gerrie/Library/embedXcode/gcc-arm-none-eabi-4_8-2014q3/bin/../lib/gcc/arm-none-eabi/4.8.4/armv6-m/libgcc.a(mulsf3.o)
 .text          0x0000000000000000      0x2ec /Users/gerrie/Library/embedXcode/gcc-arm-none-eabi-4_8-2014q3/bin/../lib/gcc/arm-none-eabi/4.8.4/armv6-m/libgcc.a(subsf3.o)
 .data          0x0000000000000000        0x0 /Users/gerrie/Library/embedXcode/gcc-arm-none-eabi-4_8-2014q3/bin/../lib/gcc/arm-none-eabi/4.8.4/armv6-m/libgcc.a(subsf3.o)
 .bss           0x0000000000000000        0x0 /Users/gerrie/Library/embedXcode/gcc-arm-none-eabi-4_8-2014q3/bin/../lib/gcc/arm-none-eabi/4.8.4/armv6-m/libgcc.a(subsf3.o)
 .ARM.attributes
                0x0000000000000000       0x2c /Users/gerrie/Library/embedXcode/gcc-arm-none-eabi-4_8-2014q3/bin/../lib/gcc/arm-none-eabi/4.8.4/armv6-m/libgcc.a(subsf3.o)
 .debug_frame   0x0000000000000000       0x30 /Users/gerrie/Library/embedXcode/gcc-arm-none-eabi-4_8-2014q3/bin/../lib/gcc/arm-none-eabi/4.8.4/armv6-m/libgcc.a(subsf3.o)
 .text          0x0000000000000000       0x40 /Users/gerrie/Library/embedXcode/gcc-arm-none-eabi-4_8-2014q3/bin/../lib/gcc/arm-none-eabi/4.8.4/armv6-m/libgcc.a(fixsfsi.o)
 .data          0x0000000000000000        0x0 /Users/gerrie/Library/embedXcode/gcc-arm-none-eabi-4_8-2014q3/bin/../lib/gcc/arm-none-eabi/4.8.4/armv6-m/libgcc.a(fixsfsi.o)
 .bss           0x0000000000000000        0x0 /Users/gerrie/Library/embedXcode/gcc-arm-none-eabi-4_8-2014q3/bin/../lib/gcc/arm-none-eabi/4.8.4/armv6-m/libgcc.a(fixsfsi.o)
 .ARM.attributes
                0x0000000000000000       0x2c /Users/gerrie/Library/embedXcode/gcc-arm-none-eabi-4_8-2014q3/bin/../lib/gcc/arm-none-eabi/4.8.4/armv6-m/libgcc.a(fixsfsi.o)
 .debug_frame   0x0000000000000000       0x20 /Users/gerrie/Library/embedXcode/gcc-arm-none-eabi-4_8-2014q3/bin/../lib/gcc/arm-none-eabi/4.8.4/armv6-m/libgcc.a(fixsfsi.o)
 .text          0x0000000000000000       0xa0 /Users/gerrie/Library/embedXcode/gcc-arm-none-eabi-4_8-2014q3/bin/../lib/gcc/arm-none-eabi/4.8.4/armv6-m/libgcc.a(floatunsisf.o)
 .data          0x0000000000000000        0x0 /Users/gerrie/Library/embedXcode/gcc-arm-none-eabi-4_8-2014q3/bin/../lib/gcc/arm-none-eabi/4.8.4/armv6-m/libgcc.a(floatunsisf.o)
 .bss           0x0000000000000000        0x0 /Users/gerrie/Library/embedXcode/gcc-arm-none-eabi-4_8-2014q3/bin/../lib/gcc/arm-none-eabi/4.8.4/armv6-m/libgcc.a(floatunsisf.o)
 .ARM.attributes
                0x0000000000000000       0x2c /Users/gerrie/Library/embedXcode/gcc-arm-none-eabi-4_8-2014q3/bin/../lib/gcc/arm-none-eabi/4.8.4/armv6-m/libgcc.a(floatunsisf.o)
 .debug_frame   0x0000000000000000       0x28 /Users/gerrie/Library/embedXcode/gcc-arm-none-eabi-4_8-2014q3/bin/../lib/gcc/arm-none-eabi/4.8.4/armv6-m/libgcc.a(floatunsisf.o)
 .text          0x0000000000000000       0x74 /Users/gerrie/Library/embedXcode/gcc-arm-none-eabi-4_8-2014q3/bin/../lib/gcc/arm-none-eabi/4.8.4/armv6-m/libgcc.a(_arm_cmpsf2.o)
 .data          0x0000000000000000        0x0 /Users/gerrie/Library/embedXcode/gcc-arm-none-eabi-4_8-2014q3/bin/../lib/gcc/arm-none-eabi/4.8.4/armv6-m/libgcc.a(_arm_cmpsf2.o)
 .bss           0x0000000000000000        0x0 /Users/gerrie/Library/embedXcode/gcc-arm-none-eabi-4_8-2014q3/bin/../lib/gcc/arm-none-eabi/4.8.4/armv6-m/libgcc.a(_arm_cmpsf2.o)
 .ARM.attributes
                0x0000000000000000       0x1e /Users/gerrie/Library/embedXcode/gcc-arm-none-eabi-4_8-2014q3/bin/../lib/gcc/arm-none-eabi/4.8.4/armv6-m/libgcc.a(_arm_cmpsf2.o)
 .text          0x0000000000000000       0x3c /Users/gerrie/Library/embedXcode/gcc-arm-none-eabi-4_8-2014q3/bin/../lib/gcc/arm-none-eabi/4.8.4/armv6-m/libgcc.a(_clzsi2.o)
 .data          0x0000000000000000        0x0 /Users/gerrie/Library/embedXcode/gcc-arm-none-eabi-4_8-2014q3/bin/../lib/gcc/arm-none-eabi/4.8.4/armv6-m/libgcc.a(_clzsi2.o)
 .bss           0x0000000000000000        0x0 /Users/gerrie/Library/embedXcode/gcc-arm-none-eabi-4_8-2014q3/bin/../lib/gcc/arm-none-eabi/4.8.4/armv6-m/libgcc.a(_clzsi2.o)
 .ARM.attributes
                0x0000000000000000       0x1e /Users/gerrie/Library/embedXcode/gcc-arm-none-eabi-4_8-2014q3/bin/../lib/gcc/arm-none-eabi/4.8.4/armv6-m/libgcc.a(_clzsi2.o)
 .text          0x0000000000000000       0x54 /Users/gerrie/Library/embedXcode/gcc-arm-none-eabi-4_8-2014q3/bin/../lib/gcc/arm-none-eabi/4.8.4/armv6-m/libgcc.a(eqsf2.o)
 .data          0x0000000000000000        0x0 /Users/gerrie/Library/embedXcode/gcc-arm-none-eabi-4_8-2014q3/bin/../lib/gcc/arm-none-eabi/4.8.4/armv6-m/libgcc.a(eqsf2.o)
 .bss           0x0000000000000000        0x0 /Users/gerrie/Library/embedXcode/gcc-arm-none-eabi-4_8-2014q3/bin/../lib/gcc/arm-none-eabi/4.8.4/armv6-m/libgcc.a(eqsf2.o)
 .ARM.attributes
                0x0000000000000000       0x2c /Users/gerrie/Library/embedXcode/gcc-arm-none-eabi-4_8-2014q3/bin/../lib/gcc/arm-none-eabi/4.8.4/armv6-m/libgcc.a(eqsf2.o)
 .debug_frame   0x0000000000000000       0x2c /Users/gerrie/Library/embedXcode/gcc-arm-none-eabi-4_8-2014q3/bin/../lib/gcc/arm-none-eabi/4.8.4/armv6-m/libgcc.a(eqsf2.o)
 .text          0x0000000000000000       0x90 /Users/gerrie/Library/embedXcode/gcc-arm-none-eabi-4_8-2014q3/bin/../lib/gcc/arm-none-eabi/4.8.4/armv6-m/libgcc.a(gesf2.o)
 .data          0x0000000000000000        0x0 /Users/gerrie/Library/embedXcode/gcc-arm-none-eabi-4_8-2014q3/bin/../lib/gcc/arm-none-eabi/4.8.4/armv6-m/libgcc.a(gesf2.o)
 .bss           0x0000000000000000        0x0 /Users/gerrie/Library/embedXcode/gcc-arm-none-eabi-4_8-2014q3/bin/../lib/gcc/arm-none-eabi/4.8.4/armv6-m/libgcc.a(gesf2.o)
 .ARM.attributes
                0x0000000000000000       0x2c /Users/gerrie/Library/embedXcode/gcc-arm-none-eabi-4_8-2014q3/bin/../lib/gcc/arm-none-eabi/4.8.4/armv6-m/libgcc.a(gesf2.o)
 .debug_frame   0x0000000000000000       0x30 /Users/gerrie/Library/embedXcode/gcc-arm-none-eabi-4_8-2014q3/bin/../lib/gcc/arm-none-eabi/4.8.4/armv6-m/libgcc.a(gesf2.o)
 .text          0x0000000000000000       0x98 /Users/gerrie/Library/embedXcode/gcc-arm-none-eabi-4_8-2014q3/bin/../lib/gcc/arm-none-eabi/4.8.4/armv6-m/libgcc.a(lesf2.o)
 .data          0x0000000000000000        0x0 /Users/gerrie/Library/embedXcode/gcc-arm-none-eabi-4_8-2014q3/bin/../lib/gcc/arm-none-eabi/4.8.4/armv6-m/libgcc.a(lesf2.o)
 .bss           0x0000000000000000        0x0 /Users/gerrie/Library/embedXcode/gcc-arm-none-eabi-4_8-2014q3/bin/../lib/gcc/arm-none-eabi/4.8.4/armv6-m/libgcc.a(lesf2.o)
 .ARM.attributes
                0x0000000000000000       0x2c /Users/gerrie/Library/embedXcode/gcc-arm-none-eabi-4_8-2014q3/bin/../lib/gcc/arm-none-eabi/4.8.4/armv6-m/libgcc.a(lesf2.o)
 .debug_frame   0x0000000000000000       0x30 /Users/gerrie/Library/embedXcode/gcc-arm-none-eabi-4_8-2014q3/bin/../lib/gcc/arm-none-eabi/4.8.4/armv6-m/libgcc.a(lesf2.o)
 .text          0x0000000000000000        0x0 /Users/gerrie/Library/embedXcode/gcc-arm-none-eabi-4_8-2014q3/bin/../lib/gcc/arm-none-eabi/4.8.4/../../../../arm-none-eabi/lib/armv6-m/libg.a(lib_a-strlen.o)
 .data          0x0000000000000000        0x0 /Users/gerrie/Library/embedXcode/gcc-arm-none-eabi-4_8-2014q3/bin/../lib/gcc/arm-none-eabi/4.8.4/../../../../arm-none-eabi/lib/armv6-m/libg.a(lib_a-strlen.o)
 .bss           0x0000000000000000        0x0 /Users/gerrie/Library/embedXcode/gcc-arm-none-eabi-4_8-2014q3/bin/../lib/gcc/arm-none-eabi/4.8.4/../../../../arm-none-eabi/lib/armv6-m/libg.a(lib_a-strlen.o)

Memory Configuration

Name             Origin             Length             Attributes
rom              0x0000000000000000 0x0000000000008000 xr
ram              0x0000000020000000 0x0000000000002000 xrw
*default*        0x0000000000000000 0xffffffffffffffff

Linker script and memory map

LOAD src/a7105.o
LOAD src/accelerometer.o
LOAD src/autotune.o
LOAD src/symawii.o
LOAD src/checkboxes.o
LOAD src/eeprom.o
LOAD src/gyro.o
LOAD src/imu.o
LOAD src/leds.o
LOAD src/output.o
LOAD src/pilotcontrol.o
LOAD src/serial.o
LOAD src/vectors.o
LOAD lib-Mini51/hal/drv_gpio.o
LOAD lib-Mini51/hal/drv_hal.o
LOAD lib-Mini51/hal/drv_pwm.o
LOAD lib-Mini51/hal/drv_serial.o
LOAD lib-Mini51/hal/lib_adc.o
LOAD lib-Mini51/hal/lib_digitalio.o
LOAD lib-Mini51/hal/lib_fp.o
LOAD lib-Mini51/hal/lib_i2c.o
LOAD lib-Mini51/hal/lib_serial.o
LOAD lib-Mini51/hal/lib_soft_3_wire_spi.o
LOAD lib-Mini51/hal/lib_timers.o
LOAD lib-Mini51/StdDriver/src/adc.o
LOAD lib-Mini51/StdDriver/src/clk.o
LOAD lib-Mini51/StdDriver/src/fmc.o
LOAD lib-Mini51/StdDriver/src/gpio.o
LOAD lib-Mini51/StdDriver/src/i2c.o
LOAD lib-Mini51/StdDriver/src/pwm.o
LOAD lib-Mini51/StdDriver/src/sys.o
LOAD lib-Mini51/StdDriver/src/timer.o
LOAD lib-Mini51/StdDriver/src/wdt.o
LOAD lib-Mini51/StdDriver/src/uart.o
LOAD lib-Mini51/Device/Nuvoton/Mini51Series/Source/system_Mini51Series.o
LOAD lib-Mini51/startup_Mini51Series.o
START GROUP
LOAD /Users/gerrie/Library/embedXcode/gcc-arm-none-eabi-4_8-2014q3/bin/../lib/gcc/arm-none-eabi/4.8.4/armv6-m/libgcc.a
LOAD /Users/gerrie/Library/embedXcode/gcc-arm-none-eabi-4_8-2014q3/bin/../lib/gcc/arm-none-eabi/4.8.4/../../../../arm-none-eabi/lib/armv6-m/libg.a
LOAD /Users/gerrie/Library/embedXcode/gcc-arm-none-eabi-4_8-2014q3/bin/../lib/gcc/arm-none-eabi/4.8.4/../../../../arm-none-eabi/lib/armv6-m/libc.a
END GROUP
                0x0000000020002000                _eram = 0x20002000

.text           0x0000000000000000     0x28d0
 *(.isr_vector .isr_vector.*)
 .isr_vector    0x0000000000000000       0xc0 lib-Mini51/startup_Mini51Series.o
                0x0000000000000000                g_pfnVectors
 *(.text .text.* .gnu.linkonce.t.*)
 .text.initacc  0x00000000000000c0        0xe src/accelerometer.o
                0x00000000000000c0                initacc
 *fill*         0x00000000000000ce        0x2 
 .text.readacc  0x00000000000000d0       0x4c src/accelerometer.o
                0x00000000000000d0                readacc
 .text.autotune
                0x000000000000011c      0x250 src/autotune.o
                0x000000000000011c                autotune
 .text.calculatetimesliver
                0x000000000000036c       0x2c src/symawii.o
                0x000000000000036c                calculatetimesliver
 .text.defaultusersettings
                0x0000000000000398       0xd4 src/symawii.o
                0x0000000000000398                defaultusersettings
 .text.startup.main
                0x000000000000046c      0x4dc src/symawii.o
                0x000000000000046c                main
 .text.checkcheckboxitems
                0x0000000000000948       0xac src/checkboxes.o
                0x0000000000000948                checkcheckboxitems
 .text.writeusersettingstoeeprom
                0x00000000000009f4       0x40 src/eeprom.o
                0x00000000000009f4                writeusersettingstoeeprom
 .text.readusersettingsfromeeprom
                0x0000000000000a34       0x60 src/eeprom.o
                0x0000000000000a34                readusersettingsfromeeprom
 .text.initgyro
                0x0000000000000a94       0x22 src/gyro.o
                0x0000000000000a94                initgyro
 *fill*         0x0000000000000ab6        0x2 
 .text.readgyro
                0x0000000000000ab8       0x4c src/gyro.o
                0x0000000000000ab8                readgyro
 .text.calibrategyroandaccelerometer
                0x0000000000000b04       0xd0 src/imu.o
                0x0000000000000b04                calibrategyroandaccelerometer
 .text.initimu  0x0000000000000bd4       0x38 src/imu.o
                0x0000000000000bd4                initimu
 .text.imucalculateestimatedattitude
                0x0000000000000c0c      0x17c src/imu.o
                0x0000000000000c0c                imucalculateestimatedattitude
 .text.leds_init
                0x0000000000000d88       0x24 src/leds.o
                0x0000000000000d88                leds_init
 .text.leds_set
                0x0000000000000dac       0x36 src/leds.o
                0x0000000000000dac                leds_set
 .text.leds_blink_cycles
                0x0000000000000de2       0x34 src/leds.o
                0x0000000000000de2                leds_blink_cycles
 .text.leds_blink_continuous
                0x0000000000000e16       0x2c src/leds.o
                0x0000000000000e16                leds_blink_continuous
 *fill*         0x0000000000000e42        0x2 
 .text.setmotoroutput
                0x0000000000000e44       0x44 src/output.o
                0x0000000000000e44                setmotoroutput
 .text.setallmotoroutputs
                0x0000000000000e88       0x24 src/output.o
                0x0000000000000e88                setallmotoroutputs
 .text.initoutputs
                0x0000000000000eac        0xc src/output.o
                0x0000000000000eac                initoutputs
 .text.resetpilotcontrol
                0x0000000000000eb8       0x38 src/pilotcontrol.o
                0x0000000000000eb8                resetpilotcontrol
 .text.getangleerrorfrompilotinput
                0x0000000000000ef0      0x234 src/pilotcontrol.o
                0x0000000000000ef0                getangleerrorfrompilotinput
 .text.serialinit
                0x0000000000001124        0xe src/serial.o
                0x0000000000001124                serialinit
 *fill*         0x0000000000001132        0x2 
 .text.sendandchecksumcharacter
                0x0000000000001134       0x18 src/serial.o
                0x0000000000001134                sendandchecksumcharacter
 .text.sendandchecksumdata
                0x000000000000114c       0x1e src/serial.o
                0x000000000000114c                sendandchecksumdata
 .text.sendandchecksumint
                0x000000000000116a        0xe src/serial.o
                0x000000000000116a                sendandchecksumint
 .text.sendandchecksumlong
                0x0000000000001178        0xe src/serial.o
                0x0000000000001178                sendandchecksumlong
 *fill*         0x0000000000001186        0x2 
 .text.sendgoodheader
                0x0000000000001188       0x38 src/serial.o
                0x0000000000001188                sendgoodheader
 .text.senderrorheader
                0x00000000000011c0       0x38 src/serial.o
                0x00000000000011c0                senderrorheader
 .text.evaluatecommand
                0x00000000000011f8      0x478 src/serial.o
                0x00000000000011f8                evaluatecommand
 .text.serialcheckportforaction
                0x0000000000001670       0xf0 src/serial.o
                0x0000000000001670                serialcheckportforaction
 .text.serialcheckforaction
                0x0000000000001760        0xa src/serial.o
                0x0000000000001760                serialcheckforaction
 .text.vectorcrossproduct
                0x000000000000176a       0x4c src/vectors.o
                0x000000000000176a                vectorcrossproduct
 .text.normalizevector
                0x00000000000017b6       0x5e src/vectors.o
                0x00000000000017b6                normalizevector
 .text.rotatevectorwithsmallangles
                0x0000000000001814       0x6a src/vectors.o
                0x0000000000001814                rotatevectorwithsmallangles
 *fill*         0x000000000000187e        0x2 
 .text.lib_hal_init
                0x0000000000001880       0x8c lib-Mini51/hal/drv_hal.o
                0x0000000000001880                lib_hal_init
 .text.eeprom_write_block
                0x000000000000190c       0xc4 lib-Mini51/hal/drv_hal.o
                0x000000000000190c                eeprom_write_block
 .text.eeprom_commit
                0x00000000000019d0        0x2 lib-Mini51/hal/drv_hal.o
                0x00000000000019d0                eeprom_commit
 *fill*         0x00000000000019d2        0x2 
 .text.eeprom_read_block
                0x00000000000019d4       0x8c lib-Mini51/hal/drv_hal.o
                0x00000000000019d4                eeprom_read_block
 .text.HardFault_Handler
                0x0000000000001a60       0x28 lib-Mini51/hal/drv_hal.o
                0x0000000000001a60                HardFault_Handler
 .text.pwmInit  0x0000000000001a88      0x134 lib-Mini51/hal/drv_pwm.o
                0x0000000000001a88                pwmInit
 .text.pwmWriteMotor
                0x0000000000001bbc       0x24 lib-Mini51/hal/drv_pwm.o
                0x0000000000001bbc                pwmWriteMotor
 .text.serialUART1
                0x0000000000001be0       0x44 lib-Mini51/hal/drv_serial.o
                0x0000000000001be0                serialUART1
 .text.serialOpen
                0x0000000000001c24       0x54 lib-Mini51/hal/drv_serial.o
                0x0000000000001c24                serialOpen
 .text.uartAvailable
                0x0000000000001c78       0x14 lib-Mini51/hal/drv_serial.o
                0x0000000000001c78                uartAvailable
 .text.uartRead
                0x0000000000001c8c       0x1c lib-Mini51/hal/drv_serial.o
                0x0000000000001c8c                uartRead
 .text.uartWrite
                0x0000000000001ca8       0x2a lib-Mini51/hal/drv_serial.o
                0x0000000000001ca8                uartWrite
 *fill*         0x0000000000001cd2        0x2 
 .text.uartInit
                0x0000000000001cd4       0x3c lib-Mini51/hal/drv_serial.o
                0x0000000000001cd4                uartInit
 .text.lib_adc_init
                0x0000000000001d10       0x1c lib-Mini51/hal/lib_adc.o
                0x0000000000001d10                lib_adc_init
 .text.lib_adc_select_channel
                0x0000000000001d2c       0x40 lib-Mini51/hal/lib_adc.o
                0x0000000000001d2c                lib_adc_select_channel
 .text.lib_adc_is_busy
                0x0000000000001d6c       0x10 lib-Mini51/hal/lib_adc.o
                0x0000000000001d6c                lib_adc_is_busy
 .text.lib_adc_startconv
                0x0000000000001d7c       0x14 lib-Mini51/hal/lib_adc.o
                0x0000000000001d7c                lib_adc_startconv
 .text.lib_adc_read_volt
                0x0000000000001d90       0x18 lib-Mini51/hal/lib_adc.o
                0x0000000000001d90                lib_adc_read_volt
 .text.lib_adc_read_raw
                0x0000000000001da8       0x10 lib-Mini51/hal/lib_adc.o
                0x0000000000001da8                lib_adc_read_raw
 .text.lib_digitalio_initpin
                0x0000000000001db8       0x28 lib-Mini51/hal/lib_digitalio.o
                0x0000000000001db8                lib_digitalio_initpin
 .text.lib_digitalio_setoutput
                0x0000000000001de0       0x1c lib-Mini51/hal/lib_digitalio.o
                0x0000000000001de0                lib_digitalio_setoutput
 .text.lib_fp_constrain
                0x0000000000001dfc       0x12 lib-Mini51/hal/lib_fp.o
                0x0000000000001dfc                lib_fp_constrain
 *fill*         0x0000000000001e0e        0x2 
 .text.lib_fp_constrain180
                0x0000000000001e10       0x30 lib-Mini51/hal/lib_fp.o
                0x0000000000001e10                lib_fp_constrain180
 .text.lib_fp_multiply
                0x0000000000001e40       0x22 lib-Mini51/hal/lib_fp.o
                0x0000000000001e40                lib_fp_multiply
 .text.lib_fp_lowpassfilter
                0x0000000000001e62       0x3a lib-Mini51/hal/lib_fp.o
                0x0000000000001e62                lib_fp_lowpassfilter
 .text.lib_fp_abs
                0x0000000000001e9c        0x8 lib-Mini51/hal/lib_fp.o
                0x0000000000001e9c                lib_fp_abs
 .text.lib_fp_sine
                0x0000000000001ea4       0x64 lib-Mini51/hal/lib_fp.o
                0x0000000000001ea4                lib_fp_sine
 .text.lib_fp_cosine
                0x0000000000001f08        0xe lib-Mini51/hal/lib_fp.o
                0x0000000000001f08                lib_fp_cosine
 *fill*         0x0000000000001f16        0x2 
 .text.lib_fp_atan2
                0x0000000000001f18       0x88 lib-Mini51/hal/lib_fp.o
                0x0000000000001f18                lib_fp_atan2
 .text.lib_fp_invsqrt
                0x0000000000001fa0       0x68 lib-Mini51/hal/lib_fp.o
                0x0000000000001fa0                lib_fp_invsqrt
 .text.I2C_WAIT_READY_ERROR.constprop.5
                0x0000000000002008       0x28 lib-Mini51/hal/lib_i2c.o
 .text.lib_i2c_init
                0x0000000000002030       0x50 lib-Mini51/hal/lib_i2c.o
                0x0000000000002030                lib_i2c_init
 .text.lib_i2c_setclockspeed
                0x0000000000002080        0x2 lib-Mini51/hal/lib_i2c.o
                0x0000000000002080                lib_i2c_setclockspeed
 *fill*         0x0000000000002082        0x2 
 .text.lib_i2c_write
                0x0000000000002084       0x40 lib-Mini51/hal/lib_i2c.o
                0x0000000000002084                lib_i2c_write
 .text.lib_i2c_start
                0x00000000000020c4       0x30 lib-Mini51/hal/lib_i2c.o
                0x00000000000020c4                lib_i2c_start
 .text.lib_i2c_rep_start
                0x00000000000020f4       0x38 lib-Mini51/hal/lib_i2c.o
                0x00000000000020f4                lib_i2c_rep_start
 .text.lib_i2c_stop
                0x000000000000212c       0x14 lib-Mini51/hal/lib_i2c.o
                0x000000000000212c                lib_i2c_stop
 .text.lib_i2c_writereg
                0x0000000000002140       0x20 lib-Mini51/hal/lib_i2c.o
                0x0000000000002140                lib_i2c_writereg
 .text.lib_i2c_readack
                0x0000000000002160       0x20 lib-Mini51/hal/lib_i2c.o
                0x0000000000002160                lib_i2c_readack
 .text.lib_i2c_readnak
                0x0000000000002180       0x20 lib-Mini51/hal/lib_i2c.o
                0x0000000000002180                lib_i2c_readnak
 .text.lib_i2c_readdata
                0x00000000000021a0       0x4a lib-Mini51/hal/lib_i2c.o
                0x00000000000021a0                lib_i2c_readdata
 .text.lib_serial_availableoutputbuffersize
                0x00000000000021ea        0x6 lib-Mini51/hal/lib_serial.o
                0x00000000000021ea                lib_serial_availableoutputbuffersize
 .text.lib_serial_initport
                0x00000000000021f0       0x18 lib-Mini51/hal/lib_serial.o
                0x00000000000021f0                lib_serial_initport
 .text.lib_serial_sendchar
                0x0000000000002208       0x2c lib-Mini51/hal/lib_serial.o
                0x0000000000002208                lib_serial_sendchar
 .text.lib_serial_numcharsavailable
                0x0000000000002234       0x1c lib-Mini51/hal/lib_serial.o
                0x0000000000002234                lib_serial_numcharsavailable
 .text.lib_serial_getchar
                0x0000000000002250       0x1c lib-Mini51/hal/lib_serial.o
                0x0000000000002250                lib_serial_getchar
 .text.lib_serial_getdata
                0x000000000000226c       0x22 lib-Mini51/hal/lib_serial.o
                0x000000000000226c                lib_serial_getdata
 *fill*         0x000000000000228e        0x2 
 .text.SysTick_Handler
                0x0000000000002290       0x10 lib-Mini51/hal/lib_timers.o
                0x0000000000002290                SysTick_Handler
 .text.lib_timers_init
                0x00000000000022a0       0x44 lib-Mini51/hal/lib_timers.o
                0x00000000000022a0                lib_timers_init
 .text.lib_timers_getcurrentmicroseconds
                0x00000000000022e4       0x34 lib-Mini51/hal/lib_timers.o
                0x00000000000022e4                lib_timers_getcurrentmicroseconds
 .text.lib_timers_gettimermicroseconds
                0x0000000000002318       0x16 lib-Mini51/hal/lib_timers.o
                0x0000000000002318                lib_timers_gettimermicroseconds
 .text.lib_timers_gettimermicrosecondsandreset
                0x000000000000232e       0x1a lib-Mini51/hal/lib_timers.o
                0x000000000000232e                lib_timers_gettimermicrosecondsandreset
 .text.lib_timers_starttimer
                0x0000000000002348        0x8 lib-Mini51/hal/lib_timers.o
                0x0000000000002348                lib_timers_starttimer
 .text.lib_timers_delaymilliseconds
                0x0000000000002350       0x1c lib-Mini51/hal/lib_timers.o
                0x0000000000002350                lib_timers_delaymilliseconds
 .text.CLK_EnableModuleClock
                0x000000000000236c       0x20 lib-Mini51/StdDriver/src/clk.o
                0x000000000000236c                CLK_EnableModuleClock
 .text.CLK_WaitClockReady
                0x000000000000238c       0x1c lib-Mini51/StdDriver/src/clk.o
                0x000000000000238c                CLK_WaitClockReady
 .text.FMC_Close
                0x00000000000023a8       0x10 lib-Mini51/StdDriver/src/fmc.o
                0x00000000000023a8                FMC_Close
 .text.FMC_DisableConfigUpdate
                0x00000000000023b8       0x10 lib-Mini51/StdDriver/src/fmc.o
                0x00000000000023b8                FMC_DisableConfigUpdate
 .text.FMC_EnableConfigUpdate
                0x00000000000023c8       0x10 lib-Mini51/StdDriver/src/fmc.o
                0x00000000000023c8                FMC_EnableConfigUpdate
 .text.FMC_Erase
                0x00000000000023d8       0x2c lib-Mini51/StdDriver/src/fmc.o
                0x00000000000023d8                FMC_Erase
 .text.FMC_Open
                0x0000000000002404       0x10 lib-Mini51/StdDriver/src/fmc.o
                0x0000000000002404                FMC_Open
 .text.FMC_Read
                0x0000000000002414       0x1c lib-Mini51/StdDriver/src/fmc.o
                0x0000000000002414                FMC_Read
 .text.FMC_Write
                0x0000000000002430       0x2c lib-Mini51/StdDriver/src/fmc.o
                0x0000000000002430                FMC_Write
 .text.FMC_ReadConfig
                0x000000000000245c       0x24 lib-Mini51/StdDriver/src/fmc.o
                0x000000000000245c                FMC_ReadConfig
 .text.FMC_WriteConfig
                0x0000000000002480       0x4c lib-Mini51/StdDriver/src/fmc.o
                0x0000000000002480                FMC_WriteConfig
 .text.GPIO_SetMode
                0x00000000000024cc       0x28 lib-Mini51/StdDriver/src/gpio.o
                0x00000000000024cc                GPIO_SetMode
 .text.PWM_Start
                0x00000000000024f4       0x2c lib-Mini51/StdDriver/src/pwm.o
                0x00000000000024f4                PWM_Start
 .text.PWM_EnableOutput
                0x0000000000002520       0x10 lib-Mini51/StdDriver/src/pwm.o
                0x0000000000002520                PWM_EnableOutput
 .text.SYS_LockReg
                0x0000000000002530        0xc lib-Mini51/StdDriver/src/sys.o
                0x0000000000002530                SYS_LockReg
 .text.SYS_UnlockReg
                0x000000000000253c       0x1c lib-Mini51/StdDriver/src/sys.o
                0x000000000000253c                SYS_UnlockReg
 .text.UART_EnableInt
                0x0000000000002558       0x20 lib-Mini51/StdDriver/src/uart.o
                0x0000000000002558                UART_EnableInt
 .text.UART_Open
                0x0000000000002578       0x6c lib-Mini51/StdDriver/src/uart.o
                0x0000000000002578                UART_Open
 .text.SystemCoreClockUpdate
                0x00000000000025e4       0x54 lib-Mini51/Device/Nuvoton/Mini51Series/Source/system_Mini51Series.o
                0x00000000000025e4                SystemCoreClockUpdate
 .text.SystemInit
                0x0000000000002638        0x2 lib-Mini51/Device/Nuvoton/Mini51Series/Source/system_Mini51Series.o
                0x0000000000002638                SystemInit
 .text.Default_Handler
                0x000000000000263a        0x2 lib-Mini51/startup_Mini51Series.o
                0x000000000000263a                GPIOP2P3P4_IRQHandler
                0x000000000000263a                PendSV_Handler
                0x000000000000263a                NMI_Handler
                0x000000000000263a                UART1_IRQHandler
                0x000000000000263a                PS2_IRQHandler
                0x000000000000263a                UART0_IRQHandler
                0x000000000000263a                USBD_IRQHandler
                0x000000000000263a                SPI1_IRQHandler
                0x000000000000263a                TMR0_IRQHandler
                0x000000000000263a                I2S_IRQHandler
                0x000000000000263a                PWRWU_IRQHandler
                0x000000000000263a                EINT1_IRQHandler
                0x000000000000263a                PWMA_IRQHandler
                0x000000000000263a                ADC_IRQHandler
                0x000000000000263a                TMR2_IRQHandler
                0x000000000000263a                BOD_IRQHandler
                0x000000000000263a                SPI2_IRQHandler
                0x000000000000263a                I2C_IRQHandler
                0x000000000000263a                WDT_IRQHandler
                0x000000000000263a                SVC_Handler
                0x000000000000263a                PDMA_IRQHandler
                0x000000000000263a                EINT0_IRQHandler
                0x000000000000263a                TMR3_IRQHandler
                0x000000000000263a                SPI0_IRQHandler
                0x000000000000263a                SPI3_IRQHandler
                0x000000000000263a                PWMB_IRQHandler
                0x000000000000263a                TMR1_IRQHandler
                0x000000000000263a                GPIOP0P1_IRQHandler
 .text.Default_Reset_Handler
                0x000000000000263c       0x4c lib-Mini51/startup_Mini51Series.o
                0x000000000000263c                Reset_Handler
                0x000000000000263c                Default_Reset_Handler
 .text          0x0000000000002688       0x9c /Users/gerrie/Library/embedXcode/gcc-arm-none-eabi-4_8-2014q3/bin/../lib/gcc/arm-none-eabi/4.8.4/armv6-m/libgcc.a(_udivsi3.o)
                0x0000000000002688                __udivsi3
                0x0000000000002688                __aeabi_uidiv
                0x0000000000002710                __aeabi_uidivmod
 .text          0x0000000000002724       0xc0 /Users/gerrie/Library/embedXcode/gcc-arm-none-eabi-4_8-2014q3/bin/../lib/gcc/arm-none-eabi/4.8.4/armv6-m/libgcc.a(_divsi3.o)
                0x0000000000002724                __aeabi_idiv
                0x0000000000002724                __divsi3
                0x00000000000027d0                __aeabi_idivmod
 .text          0x00000000000027e4        0x4 /Users/gerrie/Library/embedXcode/gcc-arm-none-eabi-4_8-2014q3/bin/../lib/gcc/arm-none-eabi/4.8.4/armv6-m/libgcc.a(_dvmd_tls.o)
                0x00000000000027e4                __aeabi_ldiv0
                0x00000000000027e4                __aeabi_idiv0
 .text.strlen   0x00000000000027e8       0x10 /Users/gerrie/Library/embedXcode/gcc-arm-none-eabi-4_8-2014q3/bin/../lib/gcc/arm-none-eabi/4.8.4/../../../../arm-none-eabi/lib/armv6-m/libg.a(lib_a-strlen.o)
                0x00000000000027e8                strlen
 *(.glue_7t)
 .glue_7t       0x0000000000000000        0x0 linker stubs
 *(.glue_7)
 .glue_7        0x0000000000000000        0x0 linker stubs
 *(.rodata .rodata* .gnu.linkonce.r.*)
 .rodata        0x00000000000027f8        0x4 lib-Mini51/hal/drv_pwm.o
 .rodata        0x00000000000027fc       0xc4 lib-Mini51/hal/lib_fp.o
 .rodata        0x00000000000028c0       0x10 lib-Mini51/StdDriver/src/uart.o

.vfp11_veneer   0x00000000000028d0        0x0
 .vfp11_veneer  0x0000000000000000        0x0 linker stubs

.v4_bx          0x00000000000028d0        0x0
 .v4_bx         0x0000000000000000        0x0 linker stubs

.iplt           0x00000000000028d0        0x0
 .iplt          0x0000000000000000        0x0 src/a7105.o

.rel.dyn        0x00000000000028d0        0x0
 .rel.iplt      0x0000000000000000        0x0 src/a7105.o

.ARM.extab
 *(.ARM.extab* .gnu.linkonce.armextab.*)

.ARM.exidx
 *(.ARM.exidx* .gnu.linkonce.armexidx.*)
                0x00000000000028d0                . = ALIGN (0x4)
                0x00000000000028d0                _etext = .
                0x00000000000028d0                _sidata = .

.data           0x0000000020000000       0x10 load address 0x00000000000028d0
                0x0000000020000000                _sdata = .
 *(.data .data.*)
 .data          0x0000000020000000        0x1 src/autotune.o
                0x0000000020000000                cyclecount
 *fill*         0x0000000020000001        0x3 
 .data          0x0000000020000004        0x4 lib-Mini51/hal/drv_hal.o
 .data          0x0000000020000008        0x8 lib-Mini51/Device/Nuvoton/Mini51Series/Source/system_Mini51Series.o
                0x0000000020000008                SystemCoreClock
                0x000000002000000c                CyclesPerUs
                0x0000000020000010                . = ALIGN (0x4)
                0x0000000020000010                _edata = .

.igot.plt       0x0000000020000010        0x0 load address 0x00000000000028e0
 .igot.plt      0x0000000000000000        0x0 src/a7105.o

.bss            0x0000000020000010      0x3ac load address 0x00000000000028e0
                0x0000000020000010                _sbss = .
 *(.bss .bss.*)
 .bss           0x0000000020000010       0x28 src/autotune.o
                0x0000000020000010                targetangle
                0x0000000020000014                autotuneindex
                0x0000000020000018                currentivalueshifted
                0x000000002000001c                currentdvalueshifted
                0x0000000020000020                currentpvalueshifted
                0x0000000020000024                autotunepeak2
                0x0000000020000028                autotunepeak1
                0x000000002000002c                rising
                0x0000000020000030                targetangleatpeak
                0x0000000020000034                autotunetime
 .bss           0x0000000020000038      0x1fc src/symawii.o
                0x0000000020000038                timeslivertimer
                0x000000002000003c                global
                0x0000000020000110                usersettings
                0x0000000020000214                integratedangleerror
                0x0000000020000220                altitudeholddesiredaltitude
                0x0000000020000224                integratedaltitudeerror
 .bss           0x0000000020000234        0xc src/imu.o
                0x0000000020000234                lastbarorawaltitude
                0x0000000020000238                compasstimeinterval
                0x000000002000023c                barotimeinterval
 .bss           0x0000000020000240       0x14 src/pilotcontrol.o
 .bss           0x0000000020000254       0x14 src/serial.o
                0x0000000020000254                serialchecksum
                0x0000000020000259                serialcommand
                0x000000002000025e                serialreceivestate
                0x0000000020000263                serialdatasize
 .bss           0x0000000020000268        0x1 lib-Mini51/hal/drv_hal.o
 *fill*         0x0000000020000269        0x3 
 .bss           0x000000002000026c      0x140 lib-Mini51/hal/drv_serial.o
                0x000000002000026c                serialPort1
 .bss           0x00000000200003ac        0x8 lib-Mini51/hal/lib_i2c.o
                0x00000000200003ac                lib_i2c_error_count
 .bss           0x00000000200003b4        0x8 lib-Mini51/hal/lib_timers.o
 *(COMMON)
                0x00000000200003bc                . = ALIGN (0x4)
                0x00000000200003bc                _ebss = .

.co_stack       0x00000000200003bc      0x404 load address 0x0000000000002c8c
                0x00000000200003c0                . = ALIGN (0x8)
 *fill*         0x00000000200003bc        0x4 
 *(.co_stack .co_stack.*)
 .co_stack      0x00000000200003c0      0x400 lib-Mini51/startup_Mini51Series.o
                0x00000000200003c0                pulStack
                0x00000000200007c0                . = ALIGN (0x4)
                0x00000000200007c0                _end = .
OUTPUT(symawii-x4-gcc elf32-littlearm)

.debug_info     0x0000000000000000     0xa74c
 .debug_info    0x0000000000000000      0x388 src/accelerometer.o
 .debug_info    0x0000000000000388      0x5ee src/autotune.o
 .debug_info    0x0000000000000976      0xd3d src/symawii.o
 .debug_info    0x00000000000016b3      0x43b src/checkboxes.o
 .debug_info    0x0000000000001aee      0x57d src/eeprom.o
 .debug_info    0x000000000000206b      0x3c5 src/gyro.o
 .debug_info    0x0000000000002430      0x867 src/imu.o
 .debug_info    0x0000000000002c97      0x319 src/leds.o
 .debug_info    0x0000000000002fb0      0x448 src/output.o
 .debug_info    0x00000000000033f8      0x7df src/pilotcontrol.o
 .debug_info    0x0000000000003bd7     0x125d src/serial.o
 .debug_info    0x0000000000004e34      0x374 src/vectors.o
 .debug_info    0x00000000000051a8      0x7a8 lib-Mini51/hal/drv_hal.o
 .debug_info    0x0000000000005950      0x596 lib-Mini51/hal/drv_pwm.o
 .debug_info    0x0000000000005ee6      0x752 lib-Mini51/hal/drv_serial.o
 .debug_info    0x0000000000006638      0x2b9 lib-Mini51/hal/lib_adc.o
 .debug_info    0x00000000000068f1      0x2c6 lib-Mini51/hal/lib_digitalio.o
 .debug_info    0x0000000000006bb7      0x5ba lib-Mini51/hal/lib_fp.o
 .debug_info    0x0000000000007171      0x931 lib-Mini51/hal/lib_i2c.o
 .debug_info    0x0000000000007aa2      0x602 lib-Mini51/hal/lib_serial.o
 .debug_info    0x00000000000080a4      0x55d lib-Mini51/hal/lib_timers.o
 .debug_info    0x0000000000008601      0x519 lib-Mini51/StdDriver/src/clk.o
 .debug_info    0x0000000000008b1a      0x42f lib-Mini51/StdDriver/src/fmc.o
 .debug_info    0x0000000000008f49      0x1db lib-Mini51/StdDriver/src/gpio.o
 .debug_info    0x0000000000009124      0x878 lib-Mini51/StdDriver/src/pwm.o
 .debug_info    0x000000000000999c      0x31a lib-Mini51/StdDriver/src/sys.o
 .debug_info    0x0000000000009cb6      0x7d9 lib-Mini51/StdDriver/src/uart.o
 .debug_info    0x000000000000a48f      0x18d lib-Mini51/Device/Nuvoton/Mini51Series/Source/system_Mini51Series.o
 .debug_info    0x000000000000a61c      0x130 lib-Mini51/startup_Mini51Series.o

.debug_abbrev   0x0000000000000000     0x2b92
 .debug_abbrev  0x0000000000000000       0xea src/accelerometer.o
 .debug_abbrev  0x00000000000000ea      0x12f src/autotune.o
 .debug_abbrev  0x0000000000000219      0x204 src/symawii.o
 .debug_abbrev  0x000000000000041d       0xb7 src/checkboxes.o
 .debug_abbrev  0x00000000000004d4      0x132 src/eeprom.o
 .debug_abbrev  0x0000000000000606       0xf7 src/gyro.o
 .debug_abbrev  0x00000000000006fd      0x187 src/imu.o
 .debug_abbrev  0x0000000000000884       0xee src/leds.o
 .debug_abbrev  0x0000000000000972      0x145 src/output.o
 .debug_abbrev  0x0000000000000ab7      0x140 src/pilotcontrol.o
 .debug_abbrev  0x0000000000000bf7      0x24e src/serial.o
 .debug_abbrev  0x0000000000000e45      0x10c src/vectors.o
 .debug_abbrev  0x0000000000000f51      0x25b lib-Mini51/hal/drv_hal.o
 .debug_abbrev  0x00000000000011ac      0x19e lib-Mini51/hal/drv_pwm.o
 .debug_abbrev  0x000000000000134a      0x241 lib-Mini51/hal/drv_serial.o
 .debug_abbrev  0x000000000000158b      0x15b lib-Mini51/hal/lib_adc.o
 .debug_abbrev  0x00000000000016e6      0x126 lib-Mini51/hal/lib_digitalio.o
 .debug_abbrev  0x000000000000180c      0x197 lib-Mini51/hal/lib_fp.o
 .debug_abbrev  0x00000000000019a3      0x285 lib-Mini51/hal/lib_i2c.o
 .debug_abbrev  0x0000000000001c28      0x21d lib-Mini51/hal/lib_serial.o
 .debug_abbrev  0x0000000000001e45      0x27b lib-Mini51/hal/lib_timers.o
 .debug_abbrev  0x00000000000020c0      0x1c5 lib-Mini51/StdDriver/src/clk.o
 .debug_abbrev  0x0000000000002285      0x1a9 lib-Mini51/StdDriver/src/fmc.o
 .debug_abbrev  0x000000000000242e       0xe5 lib-Mini51/StdDriver/src/gpio.o
 .debug_abbrev  0x0000000000002513      0x1c0 lib-Mini51/StdDriver/src/pwm.o
 .debug_abbrev  0x00000000000026d3       0xf9 lib-Mini51/StdDriver/src/sys.o
 .debug_abbrev  0x00000000000027cc      0x22a lib-Mini51/StdDriver/src/uart.o
 .debug_abbrev  0x00000000000029f6       0xb9 lib-Mini51/Device/Nuvoton/Mini51Series/Source/system_Mini51Series.o
 .debug_abbrev  0x0000000000002aaf       0xe3 lib-Mini51/startup_Mini51Series.o

.debug_aranges  0x0000000000000000      0x900
 .debug_aranges
                0x0000000000000000       0x28 src/accelerometer.o
 .debug_aranges
                0x0000000000000028       0x20 src/autotune.o
 .debug_aranges
                0x0000000000000048       0x30 src/symawii.o
 .debug_aranges
                0x0000000000000078       0x20 src/checkboxes.o
 .debug_aranges
                0x0000000000000098       0x28 src/eeprom.o
 .debug_aranges
                0x00000000000000c0       0x28 src/gyro.o
 .debug_aranges
                0x00000000000000e8       0x30 src/imu.o
 .debug_aranges
                0x0000000000000118       0x38 src/leds.o
 .debug_aranges
                0x0000000000000150       0x38 src/output.o
 .debug_aranges
                0x0000000000000188       0x28 src/pilotcontrol.o
 .debug_aranges
                0x00000000000001b0       0x80 src/serial.o
 .debug_aranges
                0x0000000000000230       0x38 src/vectors.o
 .debug_aranges
                0x0000000000000268       0x40 lib-Mini51/hal/drv_hal.o
 .debug_aranges
                0x00000000000002a8       0x28 lib-Mini51/hal/drv_pwm.o
 .debug_aranges
                0x00000000000002d0       0x50 lib-Mini51/hal/drv_serial.o
 .debug_aranges
                0x0000000000000320       0x48 lib-Mini51/hal/lib_adc.o
 .debug_aranges
                0x0000000000000368       0x38 lib-Mini51/hal/lib_digitalio.o
 .debug_aranges
                0x00000000000003a0       0x78 lib-Mini51/hal/lib_fp.o
 .debug_aranges
                0x0000000000000418       0x78 lib-Mini51/hal/lib_i2c.o
 .debug_aranges
                0x0000000000000490       0x58 lib-Mini51/hal/lib_serial.o
 .debug_aranges
                0x00000000000004e8       0x50 lib-Mini51/hal/lib_timers.o
 .debug_aranges
                0x0000000000000538       0xa0 lib-Mini51/StdDriver/src/clk.o
 .debug_aranges
                0x00000000000005d8       0xc8 lib-Mini51/StdDriver/src/fmc.o
 .debug_aranges
                0x00000000000006a0       0x30 lib-Mini51/StdDriver/src/gpio.o
 .debug_aranges
                0x00000000000006d0       0xe8 lib-Mini51/StdDriver/src/pwm.o
 .debug_aranges
                0x00000000000007b8       0x78 lib-Mini51/StdDriver/src/sys.o
 .debug_aranges
                0x0000000000000830       0x80 lib-Mini51/StdDriver/src/uart.o
 .debug_aranges
                0x00000000000008b0       0x28 lib-Mini51/Device/Nuvoton/Mini51Series/Source/system_Mini51Series.o
 .debug_aranges
                0x00000000000008d8       0x28 lib-Mini51/startup_Mini51Series.o

.debug_ranges   0x0000000000000000      0x898
 .debug_ranges  0x0000000000000000       0x18 src/accelerometer.o
 .debug_ranges  0x0000000000000018       0x10 src/autotune.o
 .debug_ranges  0x0000000000000028       0x20 src/symawii.o
 .debug_ranges  0x0000000000000048       0x10 src/checkboxes.o
 .debug_ranges  0x0000000000000058       0x18 src/eeprom.o
 .debug_ranges  0x0000000000000070       0x18 src/gyro.o
 .debug_ranges  0x0000000000000088       0x38 src/imu.o
 .debug_ranges  0x00000000000000c0       0x28 src/leds.o
 .debug_ranges  0x00000000000000e8       0x40 src/output.o
 .debug_ranges  0x0000000000000128       0x18 src/pilotcontrol.o
 .debug_ranges  0x0000000000000140       0x70 src/serial.o
 .debug_ranges  0x00000000000001b0       0x28 src/vectors.o
 .debug_ranges  0x00000000000001d8       0x60 lib-Mini51/hal/drv_hal.o
 .debug_ranges  0x0000000000000238       0x18 lib-Mini51/hal/drv_pwm.o
 .debug_ranges  0x0000000000000250       0x58 lib-Mini51/hal/drv_serial.o
 .debug_ranges  0x00000000000002a8       0x38 lib-Mini51/hal/lib_adc.o
 .debug_ranges  0x00000000000002e0       0x28 lib-Mini51/hal/lib_digitalio.o
 .debug_ranges  0x0000000000000308       0x68 lib-Mini51/hal/lib_fp.o
 .debug_ranges  0x0000000000000370      0x110 lib-Mini51/hal/lib_i2c.o
 .debug_ranges  0x0000000000000480       0x48 lib-Mini51/hal/lib_serial.o
 .debug_ranges  0x00000000000004c8       0x88 lib-Mini51/hal/lib_timers.o
 .debug_ranges  0x0000000000000550       0x90 lib-Mini51/StdDriver/src/clk.o
 .debug_ranges  0x00000000000005e0       0xb8 lib-Mini51/StdDriver/src/fmc.o
 .debug_ranges  0x0000000000000698       0x20 lib-Mini51/StdDriver/src/gpio.o
 .debug_ranges  0x00000000000006b8       0xd8 lib-Mini51/StdDriver/src/pwm.o
 .debug_ranges  0x0000000000000790       0x68 lib-Mini51/StdDriver/src/sys.o
 .debug_ranges  0x00000000000007f8       0x70 lib-Mini51/StdDriver/src/uart.o
 .debug_ranges  0x0000000000000868       0x18 lib-Mini51/Device/Nuvoton/Mini51Series/Source/system_Mini51Series.o
 .debug_ranges  0x0000000000000880       0x18 lib-Mini51/startup_Mini51Series.o

.debug_line     0x0000000000000000     0x40f5
 .debug_line    0x0000000000000000      0x153 src/accelerometer.o
 .debug_line    0x0000000000000153      0x1d2 src/autotune.o
 .debug_line    0x0000000000000325      0x3c9 src/symawii.o
 .debug_line    0x00000000000006ee      0x143 src/checkboxes.o
 .debug_line    0x0000000000000831      0x1d6 src/eeprom.o
 .debug_line    0x0000000000000a07      0x14e src/gyro.o
 .debug_line    0x0000000000000b55      0x205 src/imu.o
 .debug_line    0x0000000000000d5a      0x1ae src/leds.o
 .debug_line    0x0000000000000f08      0x19c src/output.o
 .debug_line    0x00000000000010a4      0x1bd src/pilotcontrol.o
 .debug_line    0x0000000000001261      0x48d src/serial.o
 .debug_line    0x00000000000016ee      0x18a src/vectors.o
 .debug_line    0x0000000000001878      0x322 lib-Mini51/hal/drv_hal.o
 .debug_line    0x0000000000001b9a      0x1f0 lib-Mini51/hal/drv_pwm.o
 .debug_line    0x0000000000001d8a      0x263 lib-Mini51/hal/drv_serial.o
 .debug_line    0x0000000000001fed      0x202 lib-Mini51/hal/lib_adc.o
 .debug_line    0x00000000000021ef      0x1d2 lib-Mini51/hal/lib_digitalio.o
 .debug_line    0x00000000000023c1      0x286 lib-Mini51/hal/lib_fp.o
 .debug_line    0x0000000000002647      0x32c lib-Mini51/hal/lib_i2c.o
 .debug_line    0x0000000000002973      0x22a lib-Mini51/hal/lib_serial.o
 .debug_line    0x0000000000002b9d      0x25a lib-Mini51/hal/lib_timers.o
 .debug_line    0x0000000000002df7      0x31d lib-Mini51/StdDriver/src/clk.o
 .debug_line    0x0000000000003114      0x362 lib-Mini51/StdDriver/src/fmc.o
 .debug_line    0x0000000000003476      0x18d lib-Mini51/StdDriver/src/gpio.o
 .debug_line    0x0000000000003603      0x3a6 lib-Mini51/StdDriver/src/pwm.o
 .debug_line    0x00000000000039a9      0x239 lib-Mini51/StdDriver/src/sys.o
 .debug_line    0x0000000000003be2      0x2f9 lib-Mini51/StdDriver/src/uart.o
 .debug_line    0x0000000000003edb      0x1a4 lib-Mini51/Device/Nuvoton/Mini51Series/Source/system_Mini51Series.o
 .debug_line    0x000000000000407f       0x76 lib-Mini51/startup_Mini51Series.o

.debug_str      0x0000000000000000     0x25d7
 .debug_str     0x0000000000000000      0x37c src/accelerometer.o
                                        0x441 (size before relaxing)
 .debug_str     0x000000000000037c      0x20a src/autotune.o
                                        0x620 (size before relaxing)
 .debug_str     0x0000000000000586      0x539 src/symawii.o
                                        0xa77 (size before relaxing)
 .debug_str     0x0000000000000abf       0x11 src/checkboxes.o
                                        0x521 (size before relaxing)
 .debug_str     0x0000000000000ad0       0x53 src/eeprom.o
                                        0x58b (size before relaxing)
 .debug_str     0x0000000000000b23       0x14 src/gyro.o
                                        0x43a (size before relaxing)
 .debug_str     0x0000000000000b37      0x128 src/imu.o
                                        0x6cf (size before relaxing)
 .debug_str     0x0000000000000c5f       0x4a src/leds.o
                                        0x25c (size before relaxing)
 .debug_str     0x0000000000000ca9       0x47 src/output.o
                                        0x481 (size before relaxing)
 .debug_str     0x0000000000000cf0      0x13f src/pilotcontrol.o
                                        0x6b9 (size before relaxing)
 .debug_str     0x0000000000000e2f      0x239 src/serial.o
                                        0x7f6 (size before relaxing)
 .debug_str     0x0000000000001068       0x4b src/vectors.o
                                        0x26e (size before relaxing)
 .debug_str     0x00000000000010b3      0x2a1 lib-Mini51/hal/drv_hal.o
                                        0x4e7 (size before relaxing)
 .debug_str     0x0000000000001354       0xb8 lib-Mini51/hal/drv_pwm.o
                                        0x3e6 (size before relaxing)
 .debug_str     0x000000000000140c      0x18a lib-Mini51/hal/drv_serial.o
                                        0x464 (size before relaxing)
 .debug_str     0x0000000000001596       0x4a lib-Mini51/hal/lib_adc.o
                                        0x340 (size before relaxing)
 .debug_str     0x00000000000015e0       0xb0 lib-Mini51/hal/lib_digitalio.o
                                        0x2a9 (size before relaxing)
 .debug_str     0x0000000000001690      0x127 lib-Mini51/hal/lib_fp.o
                                        0x37a (size before relaxing)
 .debug_str     0x00000000000017b7      0x18b lib-Mini51/hal/lib_i2c.o
                                        0x450 (size before relaxing)
 .debug_str     0x0000000000001942       0x83 lib-Mini51/hal/lib_serial.o
                                        0x3fc (size before relaxing)
 .debug_str     0x00000000000019c5      0x254 lib-Mini51/hal/lib_timers.o
                                        0x4b9 (size before relaxing)
 .debug_str     0x0000000000001c19      0x175 lib-Mini51/StdDriver/src/clk.o
                                        0x3ef (size before relaxing)
 .debug_str     0x0000000000001d8e      0x186 lib-Mini51/StdDriver/src/fmc.o
                                        0x37e (size before relaxing)
 .debug_str     0x0000000000001f14       0x62 lib-Mini51/StdDriver/src/gpio.o
                                        0x206 (size before relaxing)
 .debug_str     0x0000000000001f76      0x2ca lib-Mini51/StdDriver/src/pwm.o
                                        0x4f7 (size before relaxing)
 .debug_str     0x0000000000002240       0xe1 lib-Mini51/StdDriver/src/sys.o
                                        0x326 (size before relaxing)
 .debug_str     0x0000000000002321      0x1cc lib-Mini51/StdDriver/src/uart.o
                                        0x55b (size before relaxing)
 .debug_str     0x00000000000024ed       0x5b lib-Mini51/Device/Nuvoton/Mini51Series/Source/system_Mini51Series.o
                                        0x25d (size before relaxing)
 .debug_str     0x0000000000002548       0x8f lib-Mini51/startup_Mini51Series.o
                                        0x18a (size before relaxing)

.comment        0x0000000000000000       0x70
 .comment       0x0000000000000000       0x70 src/accelerometer.o
                                         0x71 (size before relaxing)
 .comment       0x0000000000000000       0x71 src/autotune.o
 .comment       0x0000000000000000       0x71 src/symawii.o
 .comment       0x0000000000000000       0x71 src/checkboxes.o
 .comment       0x0000000000000000       0x71 src/eeprom.o
 .comment       0x0000000000000000       0x71 src/gyro.o
 .comment       0x0000000000000000       0x71 src/imu.o
 .comment       0x0000000000000000       0x71 src/leds.o
 .comment       0x0000000000000000       0x71 src/output.o
 .comment       0x0000000000000000       0x71 src/pilotcontrol.o
 .comment       0x0000000000000000       0x71 src/serial.o
 .comment       0x0000000000000000       0x71 src/vectors.o
 .comment       0x0000000000000000       0x71 lib-Mini51/hal/drv_hal.o
 .comment       0x0000000000000000       0x71 lib-Mini51/hal/drv_pwm.o
 .comment       0x0000000000000000       0x71 lib-Mini51/hal/drv_serial.o
 .comment       0x0000000000000000       0x71 lib-Mini51/hal/lib_adc.o
 .comment       0x0000000000000000       0x71 lib-Mini51/hal/lib_digitalio.o
 .comment       0x0000000000000000       0x71 lib-Mini51/hal/lib_fp.o
 .comment       0x0000000000000000       0x71 lib-Mini51/hal/lib_i2c.o
 .comment       0x0000000000000000       0x71 lib-Mini51/hal/lib_serial.o
 .comment       0x0000000000000000       0x71 lib-Mini51/hal/lib_timers.o
 .comment       0x0000000000000000       0x71 lib-Mini51/StdDriver/src/clk.o
 .comment       0x0000000000000000       0x71 lib-Mini51/StdDriver/src/fmc.o
 .comment       0x0000000000000000       0x71 lib-Mini51/StdDriver/src/gpio.o
 .comment       0x0000000000000000       0x71 lib-Mini51/StdDriver/src/pwm.o
 .comment       0x0000000000000000       0x71 lib-Mini51/StdDriver/src/sys.o
 .comment       0x0000000000000000       0x71 lib-Mini51/StdDriver/src/uart.o
 .comment       0x0000000000000000       0x71 lib-Mini51/Device/Nuvoton/Mini51Series/Source/system_Mini51Series.o
 .comment       0x0000000000000000       0x71 lib-Mini51/startup_Mini51Series.o

.ARM.attributes
                0x0000000000000000       0x31
 .ARM.attributes
                0x0000000000000000       0x31 src/accelerometer.o
 .ARM.attributes
                0x0000000000000031       0x31 src/autotune.o
 .ARM.attributes
                0x0000000000000062       0x31 src/symawii.o
 .ARM.attributes
                0x0000000000000093       0x31 src/checkboxes.o
 .ARM.attributes
                0x00000000000000c4       0x31 src/eeprom.o
 .ARM.attributes
                0x00000000000000f5       0x31 src/gyro.o
 .ARM.attributes
                0x0000000000000126       0x31 src/imu.o
 .ARM.attributes
                0x0000000000000157       0x31 src/leds.o
 .ARM.attributes
                0x0000000000000188       0x31 src/output.o
 .ARM.attributes
                0x00000000000001b9       0x31 src/pilotcontrol.o
 .ARM.attributes
                0x00000000000001ea       0x31 src/serial.o
 .ARM.attributes
                0x000000000000021b       0x31 src/vectors.o
 .ARM.attributes
                0x000000000000024c       0x31 lib-Mini51/hal/drv_hal.o
 .ARM.attributes
                0x000000000000027d       0x31 lib-Mini51/hal/drv_pwm.o
 .ARM.attributes
                0x00000000000002ae       0x31 lib-Mini51/hal/drv_serial.o
 .ARM.attributes
                0x00000000000002df       0x31 lib-Mini51/hal/lib_adc.o
 .ARM.attributes
                0x0000000000000310       0x31 lib-Mini51/hal/lib_digitalio.o
 .ARM.attributes
                0x0000000000000341       0x31 lib-Mini51/hal/lib_fp.o
 .ARM.attributes
                0x0000000000000372       0x31 lib-Mini51/hal/lib_i2c.o
 .ARM.attributes
                0x00000000000003a3       0x31 lib-Mini51/hal/lib_serial.o
 .ARM.attributes
                0x00000000000003d4       0x31 lib-Mini51/hal/lib_timers.o
 .ARM.attributes
                0x0000000000000405       0x31 lib-Mini51/StdDriver/src/clk.o
 .ARM.attributes
                0x0000000000000436       0x31 lib-Mini51/StdDriver/src/fmc.o
 .ARM.attributes
                0x0000000000000467       0x31 lib-Mini51/StdDriver/src/gpio.o
 .ARM.attributes
                0x0000000000000498       0x31 lib-Mini51/StdDriver/src/pwm.o
 .ARM.attributes
                0x00000000000004c9       0x31 lib-Mini51/StdDriver/src/sys.o
 .ARM.attributes
                0x00000000000004fa       0x31 lib-Mini51/StdDriver/src/uart.o
 .ARM.attributes
                0x000000000000052b       0x31 lib-Mini51/Device/Nuvoton/Mini51Series/Source/system_Mini51Series.o
 .ARM.attributes
                0x000000000000055c       0x31 lib-Mini51/startup_Mini51Series.o
 .ARM.attributes
                0x000000000000058d       0x1e /Users/gerrie/Library/embedXcode/gcc-arm-none-eabi-4_8-2014q3/bin/../lib/gcc/arm-none-eabi/4.8.4/armv6-m/libgcc.a(_udivsi3.o)
 .ARM.attributes
                0x00000000000005ab       0x1e /Users/gerrie/Library/embedXcode/gcc-arm-none-eabi-4_8-2014q3/bin/../lib/gcc/arm-none-eabi/4.8.4/armv6-m/libgcc.a(_divsi3.o)
 .ARM.attributes
                0x00000000000005c9       0x1e /Users/gerrie/Library/embedXcode/gcc-arm-none-eabi-4_8-2014q3/bin/../lib/gcc/arm-none-eabi/4.8.4/armv6-m/libgcc.a(_dvmd_tls.o)
 .ARM.attributes
                0x00000000000005e7       0x2c /Users/gerrie/Library/embedXcode/gcc-arm-none-eabi-4_8-2014q3/bin/../lib/gcc/arm-none-eabi/4.8.4/../../../../arm-none-eabi/lib/armv6-m/libg.a(lib_a-strlen.o)

.debug_frame    0x0000000000000000     0x138c
 .debug_frame   0x0000000000000000       0x44 src/accelerometer.o
 .debug_frame   0x0000000000000044       0x34 src/autotune.o
 .debug_frame   0x0000000000000078       0x64 src/symawii.o
 .debug_frame   0x00000000000000dc       0x2c src/checkboxes.o
 .debug_frame   0x0000000000000108       0x50 src/eeprom.o
 .debug_frame   0x0000000000000158       0x44 src/gyro.o
 .debug_frame   0x000000000000019c       0x68 src/imu.o
 .debug_frame   0x0000000000000204       0x84 src/leds.o
 .debug_frame   0x0000000000000288       0x78 src/output.o
 .debug_frame   0x0000000000000300       0x4c src/pilotcontrol.o
 .debug_frame   0x000000000000034c      0x180 src/serial.o
 .debug_frame   0x00000000000004cc       0x88 src/vectors.o
 .debug_frame   0x0000000000000554       0x90 lib-Mini51/hal/drv_hal.o
 .debug_frame   0x00000000000005e4       0x3c lib-Mini51/hal/drv_pwm.o
 .debug_frame   0x0000000000000620       0xc8 lib-Mini51/hal/drv_serial.o
 .debug_frame   0x00000000000006e8       0x80 lib-Mini51/hal/lib_adc.o
 .debug_frame   0x0000000000000768       0x58 lib-Mini51/hal/lib_digitalio.o
 .debug_frame   0x00000000000007c0      0x138 lib-Mini51/hal/lib_fp.o
 .debug_frame   0x00000000000008f8      0x12c lib-Mini51/hal/lib_i2c.o
 .debug_frame   0x0000000000000a24       0xe0 lib-Mini51/hal/lib_serial.o
 .debug_frame   0x0000000000000b04       0xb4 lib-Mini51/hal/lib_timers.o
 .debug_frame   0x0000000000000bb8      0x144 lib-Mini51/StdDriver/src/clk.o
 .debug_frame   0x0000000000000cfc      0x188 lib-Mini51/StdDriver/src/fmc.o
 .debug_frame   0x0000000000000e84       0x54 lib-Mini51/StdDriver/src/gpio.o
 .debug_frame   0x0000000000000ed8      0x1f4 lib-Mini51/StdDriver/src/pwm.o
 .debug_frame   0x00000000000010cc       0xd8 lib-Mini51/StdDriver/src/sys.o
 .debug_frame   0x00000000000011a4      0x118 lib-Mini51/StdDriver/src/uart.o
 .debug_frame   0x00000000000012bc       0x38 lib-Mini51/Device/Nuvoton/Mini51Series/Source/system_Mini51Series.o
 .debug_frame   0x00000000000012f4       0x38 lib-Mini51/startup_Mini51Series.o
 .debug_frame   0x000000000000132c       0x20 /Users/gerrie/Library/embedXcode/gcc-arm-none-eabi-4_8-2014q3/bin/../lib/gcc/arm-none-eabi/4.8.4/armv6-m/libgcc.a(_udivsi3.o)
 .debug_frame   0x000000000000134c       0x20 /Users/gerrie/Library/embedXcode/gcc-arm-none-eabi-4_8-2014q3/bin/../lib/gcc/arm-none-eabi/4.8.4/armv6-m/libgcc.a(_divsi3.o)
 .debug_frame   0x000000000000136c       0x20 /Users/gerrie/Library/embedXcode/gcc-arm-none-eabi-4_8-2014q3/bin/../lib/gcc/arm-none-eabi/4.8.4/../../../../arm-none-eabi/lib/armv6-m/libg.a(lib_a-strlen.o)

.debug_loc      0x0000000000000000     0x3e8b
 .debug_loc     0x0000000000000000      0x13b src/autotune.o
 .debug_loc     0x000000000000013b       0xdc src/symawii.o
 .debug_loc     0x0000000000000217       0x49 src/checkboxes.o
 .debug_loc     0x0000000000000260       0x64 src/eeprom.o
 .debug_loc     0x00000000000002c4      0x1a0 src/imu.o
 .debug_loc     0x0000000000000464      0x16b src/leds.o
 .debug_loc     0x00000000000005cf      0x1d1 src/output.o
 .debug_loc     0x00000000000007a0      0x1d6 src/pilotcontrol.o
 .debug_loc     0x0000000000000976      0xc3e src/serial.o
 .debug_loc     0x00000000000015b4      0x23f src/vectors.o
 .debug_loc     0x00000000000017f3      0x267 lib-Mini51/hal/drv_hal.o
 .debug_loc     0x0000000000001a5a       0x86 lib-Mini51/hal/drv_pwm.o
 .debug_loc     0x0000000000001ae0      0x22a lib-Mini51/hal/drv_serial.o
 .debug_loc     0x0000000000001d0a       0x71 lib-Mini51/hal/lib_adc.o
 .debug_loc     0x0000000000001d7b      0x169 lib-Mini51/hal/lib_digitalio.o
 .debug_loc     0x0000000000001ee4      0x5cf lib-Mini51/hal/lib_fp.o
 .debug_loc     0x00000000000024b3      0x2e8 lib-Mini51/hal/lib_i2c.o
 .debug_loc     0x000000000000279b      0x2fa lib-Mini51/hal/lib_serial.o
 .debug_loc     0x0000000000002a95      0x116 lib-Mini51/hal/lib_timers.o
 .debug_loc     0x0000000000002bab      0x29e lib-Mini51/StdDriver/src/clk.o
 .debug_loc     0x0000000000002e49      0x1b8 lib-Mini51/StdDriver/src/fmc.o
 .debug_loc     0x0000000000003001       0x61 lib-Mini51/StdDriver/src/gpio.o
 .debug_loc     0x0000000000003062      0x8a2 lib-Mini51/StdDriver/src/pwm.o
 .debug_loc     0x0000000000003904       0x84 lib-Mini51/StdDriver/src/sys.o
 .debug_loc     0x0000000000003988      0x42c lib-Mini51/StdDriver/src/uart.o
 .debug_loc     0x0000000000003db4       0x26 lib-Mini51/Device/Nuvoton/Mini51Series/Source/system_Mini51Series.o
 .debug_loc     0x0000000000003dda       0xb1 lib-Mini51/startup_Mini51Series.o
